###############################################################################
#
# IAR ELF Linker V8.40.2.214/W32 for ARM                  15/Nov/2025  10:16:24
# Copyright 2007-2019 IAR Systems AB.
#
#    Output file  =
#        D:\Saoviet_Bitbucket\Saoviet_Datalogger_Sensor\Project_Datalogger_Sensor\1.Source_Code_L496\wm_gsm_ethernet_v3\EWARM\wm_gsm_ethernet_v3\Exe\wm_gsm_ethernet_v3.out
#    Map file     =
#        D:\Saoviet_Bitbucket\Saoviet_Datalogger_Sensor\Project_Datalogger_Sensor\1.Source_Code_L496\wm_gsm_ethernet_v3\EWARM\wm_gsm_ethernet_v3\List\wm_gsm_ethernet_v3.map
#    Command line =
#        -f C:\Users\PC\AppData\Local\Temp\EWB033.tmp
#        (D:\Saoviet_Bitbucket\Saoviet_Datalogger_Sensor\Project_Datalogger_Sensor\1.Source_Code_L496\wm_gsm_ethernet_v3\EWARM\wm_gsm_ethernet_v3\Obj\adc.o
#        D:\Saoviet_Bitbucket\Saoviet_Datalogger_Sensor\Project_Datalogger_Sensor\1.Source_Code_L496\wm_gsm_ethernet_v3\EWARM\wm_gsm_ethernet_v3\Obj\button.o
#        D:\Saoviet_Bitbucket\Saoviet_Datalogger_Sensor\Project_Datalogger_Sensor\1.Source_Code_L496\wm_gsm_ethernet_v3\EWARM\wm_gsm_ethernet_v3\Obj\cat24mxx.o
#        D:\Saoviet_Bitbucket\Saoviet_Datalogger_Sensor\Project_Datalogger_Sensor\1.Source_Code_L496\wm_gsm_ethernet_v3\EWARM\wm_gsm_ethernet_v3\Obj\dhcp.o
#        D:\Saoviet_Bitbucket\Saoviet_Datalogger_Sensor\Project_Datalogger_Sensor\1.Source_Code_L496\wm_gsm_ethernet_v3\EWARM\wm_gsm_ethernet_v3\Obj\dma.o
#        D:\Saoviet_Bitbucket\Saoviet_Datalogger_Sensor\Project_Datalogger_Sensor\1.Source_Code_L496\wm_gsm_ethernet_v3\EWARM\wm_gsm_ethernet_v3\Obj\dns.o
#        D:\Saoviet_Bitbucket\Saoviet_Datalogger_Sensor\Project_Datalogger_Sensor\1.Source_Code_L496\wm_gsm_ethernet_v3\EWARM\wm_gsm_ethernet_v3\Obj\event_driven.o
#        D:\Saoviet_Bitbucket\Saoviet_Datalogger_Sensor\Project_Datalogger_Sensor\1.Source_Code_L496\wm_gsm_ethernet_v3\EWARM\wm_gsm_ethernet_v3\Obj\glcd.o
#        D:\Saoviet_Bitbucket\Saoviet_Datalogger_Sensor\Project_Datalogger_Sensor\1.Source_Code_L496\wm_gsm_ethernet_v3\EWARM\wm_gsm_ethernet_v3\Obj\gpio.o
#        D:\Saoviet_Bitbucket\Saoviet_Datalogger_Sensor\Project_Datalogger_Sensor\1.Source_Code_L496\wm_gsm_ethernet_v3\EWARM\wm_gsm_ethernet_v3\Obj\graphics.o
#        D:\Saoviet_Bitbucket\Saoviet_Datalogger_Sensor\Project_Datalogger_Sensor\1.Source_Code_L496\wm_gsm_ethernet_v3\EWARM\wm_gsm_ethernet_v3\Obj\graphs.o
#        D:\Saoviet_Bitbucket\Saoviet_Datalogger_Sensor\Project_Datalogger_Sensor\1.Source_Code_L496\wm_gsm_ethernet_v3\EWARM\wm_gsm_ethernet_v3\Obj\i2c.o
#        D:\Saoviet_Bitbucket\Saoviet_Datalogger_Sensor\Project_Datalogger_Sensor\1.Source_Code_L496\wm_gsm_ethernet_v3\EWARM\wm_gsm_ethernet_v3\Obj\lcd_display.o
#        D:\Saoviet_Bitbucket\Saoviet_Datalogger_Sensor\Project_Datalogger_Sensor\1.Source_Code_L496\wm_gsm_ethernet_v3\EWARM\wm_gsm_ethernet_v3\Obj\level_S_YW_01B.o
#        D:\Saoviet_Bitbucket\Saoviet_Datalogger_Sensor\Project_Datalogger_Sensor\1.Source_Code_L496\wm_gsm_ethernet_v3\EWARM\wm_gsm_ethernet_v3\Obj\level_SUP_PX261_B.o
#        D:\Saoviet_Bitbucket\Saoviet_Datalogger_Sensor\Project_Datalogger_Sensor\1.Source_Code_L496\wm_gsm_ethernet_v3\EWARM\wm_gsm_ethernet_v3\Obj\level_ultrasonic.o
#        D:\Saoviet_Bitbucket\Saoviet_Datalogger_Sensor\Project_Datalogger_Sensor\1.Source_Code_L496\wm_gsm_ethernet_v3\EWARM\wm_gsm_ethernet_v3\Obj\lptim.o
#        D:\Saoviet_Bitbucket\Saoviet_Datalogger_Sensor\Project_Datalogger_Sensor\1.Source_Code_L496\wm_gsm_ethernet_v3\EWARM\wm_gsm_ethernet_v3\Obj\main.o
#        D:\Saoviet_Bitbucket\Saoviet_Datalogger_Sensor\Project_Datalogger_Sensor\1.Source_Code_L496\wm_gsm_ethernet_v3\EWARM\wm_gsm_ethernet_v3\Obj\MQTTConnectClient.o
#        D:\Saoviet_Bitbucket\Saoviet_Datalogger_Sensor\Project_Datalogger_Sensor\1.Source_Code_L496\wm_gsm_ethernet_v3\EWARM\wm_gsm_ethernet_v3\Obj\MQTTConnectServer.o
#        D:\Saoviet_Bitbucket\Saoviet_Datalogger_Sensor\Project_Datalogger_Sensor\1.Source_Code_L496\wm_gsm_ethernet_v3\EWARM\wm_gsm_ethernet_v3\Obj\MQTTDeserializePublish.o
#        D:\Saoviet_Bitbucket\Saoviet_Datalogger_Sensor\Project_Datalogger_Sensor\1.Source_Code_L496\wm_gsm_ethernet_v3\EWARM\wm_gsm_ethernet_v3\Obj\MQTTFormat.o
#        D:\Saoviet_Bitbucket\Saoviet_Datalogger_Sensor\Project_Datalogger_Sensor\1.Source_Code_L496\wm_gsm_ethernet_v3\EWARM\wm_gsm_ethernet_v3\Obj\MQTTPacket.o
#        D:\Saoviet_Bitbucket\Saoviet_Datalogger_Sensor\Project_Datalogger_Sensor\1.Source_Code_L496\wm_gsm_ethernet_v3\EWARM\wm_gsm_ethernet_v3\Obj\MQTTSerializePublish.o
#        D:\Saoviet_Bitbucket\Saoviet_Datalogger_Sensor\Project_Datalogger_Sensor\1.Source_Code_L496\wm_gsm_ethernet_v3\EWARM\wm_gsm_ethernet_v3\Obj\MQTTSubscribeClient.o
#        D:\Saoviet_Bitbucket\Saoviet_Datalogger_Sensor\Project_Datalogger_Sensor\1.Source_Code_L496\wm_gsm_ethernet_v3\EWARM\wm_gsm_ethernet_v3\Obj\MQTTSubscribeServer.o
#        D:\Saoviet_Bitbucket\Saoviet_Datalogger_Sensor\Project_Datalogger_Sensor\1.Source_Code_L496\wm_gsm_ethernet_v3\EWARM\wm_gsm_ethernet_v3\Obj\MQTTUnsubscribeClient.o
#        D:\Saoviet_Bitbucket\Saoviet_Datalogger_Sensor\Project_Datalogger_Sensor\1.Source_Code_L496\wm_gsm_ethernet_v3\EWARM\wm_gsm_ethernet_v3\Obj\MQTTUnsubscribeServer.o
#        D:\Saoviet_Bitbucket\Saoviet_Datalogger_Sensor\Project_Datalogger_Sensor\1.Source_Code_L496\wm_gsm_ethernet_v3\EWARM\wm_gsm_ethernet_v3\Obj\NT75451.o
#        D:\Saoviet_Bitbucket\Saoviet_Datalogger_Sensor\Project_Datalogger_Sensor\1.Source_Code_L496\wm_gsm_ethernet_v3\EWARM\wm_gsm_ethernet_v3\Obj\onchipflash.o
#        D:\Saoviet_Bitbucket\Saoviet_Datalogger_Sensor\Project_Datalogger_Sensor\1.Source_Code_L496\wm_gsm_ethernet_v3\EWARM\wm_gsm_ethernet_v3\Obj\PCD8544.o
#        D:\Saoviet_Bitbucket\Saoviet_Datalogger_Sensor\Project_Datalogger_Sensor\1.Source_Code_L496\wm_gsm_ethernet_v3\EWARM\wm_gsm_ethernet_v3\Obj\queue_p.o
#        D:\Saoviet_Bitbucket\Saoviet_Datalogger_Sensor\Project_Datalogger_Sensor\1.Source_Code_L496\wm_gsm_ethernet_v3\EWARM\wm_gsm_ethernet_v3\Obj\rtc.o
#        D:\Saoviet_Bitbucket\Saoviet_Datalogger_Sensor\Project_Datalogger_Sensor\1.Source_Code_L496\wm_gsm_ethernet_v3\EWARM\wm_gsm_ethernet_v3\Obj\S25FL216K.o
#        D:\Saoviet_Bitbucket\Saoviet_Datalogger_Sensor\Project_Datalogger_Sensor\1.Source_Code_L496\wm_gsm_ethernet_v3\EWARM\wm_gsm_ethernet_v3\Obj\socket.o
#        D:\Saoviet_Bitbucket\Saoviet_Datalogger_Sensor\Project_Datalogger_Sensor\1.Source_Code_L496\wm_gsm_ethernet_v3\EWARM\wm_gsm_ethernet_v3\Obj\spi.o
#        D:\Saoviet_Bitbucket\Saoviet_Datalogger_Sensor\Project_Datalogger_Sensor\1.Source_Code_L496\wm_gsm_ethernet_v3\EWARM\wm_gsm_ethernet_v3\Obj\ST7565R.o
#        D:\Saoviet_Bitbucket\Saoviet_Datalogger_Sensor\Project_Datalogger_Sensor\1.Source_Code_L496\wm_gsm_ethernet_v3\EWARM\wm_gsm_ethernet_v3\Obj\startup_stm32l496xx.o
#        D:\Saoviet_Bitbucket\Saoviet_Datalogger_Sensor\Project_Datalogger_Sensor\1.Source_Code_L496\wm_gsm_ethernet_v3\EWARM\wm_gsm_ethernet_v3\Obj\STM32F0xx.o
#        D:\Saoviet_Bitbucket\Saoviet_Datalogger_Sensor\Project_Datalogger_Sensor\1.Source_Code_L496\wm_gsm_ethernet_v3\EWARM\wm_gsm_ethernet_v3\Obj\STM32F10x.o
#        D:\Saoviet_Bitbucket\Saoviet_Datalogger_Sensor\Project_Datalogger_Sensor\1.Source_Code_L496\wm_gsm_ethernet_v3\EWARM\wm_gsm_ethernet_v3\Obj\STM32F4.o
#        D:\Saoviet_Bitbucket\Saoviet_Datalogger_Sensor\Project_Datalogger_Sensor\1.Source_Code_L496\wm_gsm_ethernet_v3\EWARM\wm_gsm_ethernet_v3\Obj\STM32L4.o
#        D:\Saoviet_Bitbucket\Saoviet_Datalogger_Sensor\Project_Datalogger_Sensor\1.Source_Code_L496\wm_gsm_ethernet_v3\EWARM\wm_gsm_ethernet_v3\Obj\stm32l4xx_hal.o
#        D:\Saoviet_Bitbucket\Saoviet_Datalogger_Sensor\Project_Datalogger_Sensor\1.Source_Code_L496\wm_gsm_ethernet_v3\EWARM\wm_gsm_ethernet_v3\Obj\stm32l4xx_hal_adc.o
#        D:\Saoviet_Bitbucket\Saoviet_Datalogger_Sensor\Project_Datalogger_Sensor\1.Source_Code_L496\wm_gsm_ethernet_v3\EWARM\wm_gsm_ethernet_v3\Obj\stm32l4xx_hal_adc_ex.o
#        D:\Saoviet_Bitbucket\Saoviet_Datalogger_Sensor\Project_Datalogger_Sensor\1.Source_Code_L496\wm_gsm_ethernet_v3\EWARM\wm_gsm_ethernet_v3\Obj\stm32l4xx_hal_cortex.o
#        D:\Saoviet_Bitbucket\Saoviet_Datalogger_Sensor\Project_Datalogger_Sensor\1.Source_Code_L496\wm_gsm_ethernet_v3\EWARM\wm_gsm_ethernet_v3\Obj\stm32l4xx_hal_dma.o
#        D:\Saoviet_Bitbucket\Saoviet_Datalogger_Sensor\Project_Datalogger_Sensor\1.Source_Code_L496\wm_gsm_ethernet_v3\EWARM\wm_gsm_ethernet_v3\Obj\stm32l4xx_hal_dma_ex.o
#        D:\Saoviet_Bitbucket\Saoviet_Datalogger_Sensor\Project_Datalogger_Sensor\1.Source_Code_L496\wm_gsm_ethernet_v3\EWARM\wm_gsm_ethernet_v3\Obj\stm32l4xx_hal_exti.o
#        D:\Saoviet_Bitbucket\Saoviet_Datalogger_Sensor\Project_Datalogger_Sensor\1.Source_Code_L496\wm_gsm_ethernet_v3\EWARM\wm_gsm_ethernet_v3\Obj\stm32l4xx_hal_flash.o
#        D:\Saoviet_Bitbucket\Saoviet_Datalogger_Sensor\Project_Datalogger_Sensor\1.Source_Code_L496\wm_gsm_ethernet_v3\EWARM\wm_gsm_ethernet_v3\Obj\stm32l4xx_hal_flash_ex.o
#        D:\Saoviet_Bitbucket\Saoviet_Datalogger_Sensor\Project_Datalogger_Sensor\1.Source_Code_L496\wm_gsm_ethernet_v3\EWARM\wm_gsm_ethernet_v3\Obj\stm32l4xx_hal_flash_ramfunc.o
#        D:\Saoviet_Bitbucket\Saoviet_Datalogger_Sensor\Project_Datalogger_Sensor\1.Source_Code_L496\wm_gsm_ethernet_v3\EWARM\wm_gsm_ethernet_v3\Obj\stm32l4xx_hal_gpio.o
#        D:\Saoviet_Bitbucket\Saoviet_Datalogger_Sensor\Project_Datalogger_Sensor\1.Source_Code_L496\wm_gsm_ethernet_v3\EWARM\wm_gsm_ethernet_v3\Obj\stm32l4xx_hal_i2c.o
#        D:\Saoviet_Bitbucket\Saoviet_Datalogger_Sensor\Project_Datalogger_Sensor\1.Source_Code_L496\wm_gsm_ethernet_v3\EWARM\wm_gsm_ethernet_v3\Obj\stm32l4xx_hal_i2c_ex.o
#        D:\Saoviet_Bitbucket\Saoviet_Datalogger_Sensor\Project_Datalogger_Sensor\1.Source_Code_L496\wm_gsm_ethernet_v3\EWARM\wm_gsm_ethernet_v3\Obj\stm32l4xx_hal_lptim.o
#        D:\Saoviet_Bitbucket\Saoviet_Datalogger_Sensor\Project_Datalogger_Sensor\1.Source_Code_L496\wm_gsm_ethernet_v3\EWARM\wm_gsm_ethernet_v3\Obj\stm32l4xx_hal_msp.o
#        D:\Saoviet_Bitbucket\Saoviet_Datalogger_Sensor\Project_Datalogger_Sensor\1.Source_Code_L496\wm_gsm_ethernet_v3\EWARM\wm_gsm_ethernet_v3\Obj\stm32l4xx_hal_pwr.o
#        D:\Saoviet_Bitbucket\Saoviet_Datalogger_Sensor\Project_Datalogger_Sensor\1.Source_Code_L496\wm_gsm_ethernet_v3\EWARM\wm_gsm_ethernet_v3\Obj\stm32l4xx_hal_pwr_ex.o
#        D:\Saoviet_Bitbucket\Saoviet_Datalogger_Sensor\Project_Datalogger_Sensor\1.Source_Code_L496\wm_gsm_ethernet_v3\EWARM\wm_gsm_ethernet_v3\Obj\stm32l4xx_hal_rcc.o
#        D:\Saoviet_Bitbucket\Saoviet_Datalogger_Sensor\Project_Datalogger_Sensor\1.Source_Code_L496\wm_gsm_ethernet_v3\EWARM\wm_gsm_ethernet_v3\Obj\stm32l4xx_hal_rcc_ex.o
#        D:\Saoviet_Bitbucket\Saoviet_Datalogger_Sensor\Project_Datalogger_Sensor\1.Source_Code_L496\wm_gsm_ethernet_v3\EWARM\wm_gsm_ethernet_v3\Obj\stm32l4xx_hal_rtc.o
#        D:\Saoviet_Bitbucket\Saoviet_Datalogger_Sensor\Project_Datalogger_Sensor\1.Source_Code_L496\wm_gsm_ethernet_v3\EWARM\wm_gsm_ethernet_v3\Obj\stm32l4xx_hal_rtc_ex.o
#        D:\Saoviet_Bitbucket\Saoviet_Datalogger_Sensor\Project_Datalogger_Sensor\1.Source_Code_L496\wm_gsm_ethernet_v3\EWARM\wm_gsm_ethernet_v3\Obj\stm32l4xx_hal_spi.o
#        D:\Saoviet_Bitbucket\Saoviet_Datalogger_Sensor\Project_Datalogger_Sensor\1.Source_Code_L496\wm_gsm_ethernet_v3\EWARM\wm_gsm_ethernet_v3\Obj\stm32l4xx_hal_spi_ex.o
#        D:\Saoviet_Bitbucket\Saoviet_Datalogger_Sensor\Project_Datalogger_Sensor\1.Source_Code_L496\wm_gsm_ethernet_v3\EWARM\wm_gsm_ethernet_v3\Obj\stm32l4xx_hal_tim.o
#        D:\Saoviet_Bitbucket\Saoviet_Datalogger_Sensor\Project_Datalogger_Sensor\1.Source_Code_L496\wm_gsm_ethernet_v3\EWARM\wm_gsm_ethernet_v3\Obj\stm32l4xx_hal_tim_ex.o
#        D:\Saoviet_Bitbucket\Saoviet_Datalogger_Sensor\Project_Datalogger_Sensor\1.Source_Code_L496\wm_gsm_ethernet_v3\EWARM\wm_gsm_ethernet_v3\Obj\stm32l4xx_hal_uart.o
#        D:\Saoviet_Bitbucket\Saoviet_Datalogger_Sensor\Project_Datalogger_Sensor\1.Source_Code_L496\wm_gsm_ethernet_v3\EWARM\wm_gsm_ethernet_v3\Obj\stm32l4xx_hal_uart_ex.o
#        D:\Saoviet_Bitbucket\Saoviet_Datalogger_Sensor\Project_Datalogger_Sensor\1.Source_Code_L496\wm_gsm_ethernet_v3\EWARM\wm_gsm_ethernet_v3\Obj\stm32l4xx_it.o
#        D:\Saoviet_Bitbucket\Saoviet_Datalogger_Sensor\Project_Datalogger_Sensor\1.Source_Code_L496\wm_gsm_ethernet_v3\EWARM\wm_gsm_ethernet_v3\Obj\system_stm32l4xx.o
#        D:\Saoviet_Bitbucket\Saoviet_Datalogger_Sensor\Project_Datalogger_Sensor\1.Source_Code_L496\wm_gsm_ethernet_v3\EWARM\wm_gsm_ethernet_v3\Obj\text.o
#        D:\Saoviet_Bitbucket\Saoviet_Datalogger_Sensor\Project_Datalogger_Sensor\1.Source_Code_L496\wm_gsm_ethernet_v3\EWARM\wm_gsm_ethernet_v3\Obj\text_tiny.o
#        D:\Saoviet_Bitbucket\Saoviet_Datalogger_Sensor\Project_Datalogger_Sensor\1.Source_Code_L496\wm_gsm_ethernet_v3\EWARM\wm_gsm_ethernet_v3\Obj\tim.o
#        D:\Saoviet_Bitbucket\Saoviet_Datalogger_Sensor\Project_Datalogger_Sensor\1.Source_Code_L496\wm_gsm_ethernet_v3\EWARM\wm_gsm_ethernet_v3\Obj\unit_tests.o
#        D:\Saoviet_Bitbucket\Saoviet_Datalogger_Sensor\Project_Datalogger_Sensor\1.Source_Code_L496\wm_gsm_ethernet_v3\EWARM\wm_gsm_ethernet_v3\Obj\usart.o
#        D:\Saoviet_Bitbucket\Saoviet_Datalogger_Sensor\Project_Datalogger_Sensor\1.Source_Code_L496\wm_gsm_ethernet_v3\EWARM\wm_gsm_ethernet_v3\Obj\user_adc.o
#        D:\Saoviet_Bitbucket\Saoviet_Datalogger_Sensor\Project_Datalogger_Sensor\1.Source_Code_L496\wm_gsm_ethernet_v3\EWARM\wm_gsm_ethernet_v3\Obj\user_adv_trace.o
#        D:\Saoviet_Bitbucket\Saoviet_Datalogger_Sensor\Project_Datalogger_Sensor\1.Source_Code_L496\wm_gsm_ethernet_v3\EWARM\wm_gsm_ethernet_v3\Obj\user_app_comm.o
#        D:\Saoviet_Bitbucket\Saoviet_Datalogger_Sensor\Project_Datalogger_Sensor\1.Source_Code_L496\wm_gsm_ethernet_v3\EWARM\wm_gsm_ethernet_v3\Obj\user_app_ethernet.o
#        D:\Saoviet_Bitbucket\Saoviet_Datalogger_Sensor\Project_Datalogger_Sensor\1.Source_Code_L496\wm_gsm_ethernet_v3\EWARM\wm_gsm_ethernet_v3\Obj\user_app_mem.o
#        D:\Saoviet_Bitbucket\Saoviet_Datalogger_Sensor\Project_Datalogger_Sensor\1.Source_Code_L496\wm_gsm_ethernet_v3\EWARM\wm_gsm_ethernet_v3\Obj\user_app_sim.o
#        D:\Saoviet_Bitbucket\Saoviet_Datalogger_Sensor\Project_Datalogger_Sensor\1.Source_Code_L496\wm_gsm_ethernet_v3\EWARM\wm_gsm_ethernet_v3\Obj\user_app_sms_call.o
#        D:\Saoviet_Bitbucket\Saoviet_Datalogger_Sensor\Project_Datalogger_Sensor\1.Source_Code_L496\wm_gsm_ethernet_v3\EWARM\wm_gsm_ethernet_v3\Obj\user_app_wm.o
#        D:\Saoviet_Bitbucket\Saoviet_Datalogger_Sensor\Project_Datalogger_Sensor\1.Source_Code_L496\wm_gsm_ethernet_v3\EWARM\wm_gsm_ethernet_v3\Obj\user_at_serial.o
#        D:\Saoviet_Bitbucket\Saoviet_Datalogger_Sensor\Project_Datalogger_Sensor\1.Source_Code_L496\wm_gsm_ethernet_v3\EWARM\wm_gsm_ethernet_v3\Obj\user_ec200u.o
#        D:\Saoviet_Bitbucket\Saoviet_Datalogger_Sensor\Project_Datalogger_Sensor\1.Source_Code_L496\wm_gsm_ethernet_v3\EWARM\wm_gsm_ethernet_v3\Obj\user_internal_mem.o
#        D:\Saoviet_Bitbucket\Saoviet_Datalogger_Sensor\Project_Datalogger_Sensor\1.Source_Code_L496\wm_gsm_ethernet_v3\EWARM\wm_gsm_ethernet_v3\Obj\user_json.o
#        D:\Saoviet_Bitbucket\Saoviet_Datalogger_Sensor\Project_Datalogger_Sensor\1.Source_Code_L496\wm_gsm_ethernet_v3\EWARM\wm_gsm_ethernet_v3\Obj\user_l506.o
#        D:\Saoviet_Bitbucket\Saoviet_Datalogger_Sensor\Project_Datalogger_Sensor\1.Source_Code_L496\wm_gsm_ethernet_v3\EWARM\wm_gsm_ethernet_v3\Obj\user_l511.o
#        D:\Saoviet_Bitbucket\Saoviet_Datalogger_Sensor\Project_Datalogger_Sensor\1.Source_Code_L496\wm_gsm_ethernet_v3\EWARM\wm_gsm_ethernet_v3\Obj\user_log.o
#        D:\Saoviet_Bitbucket\Saoviet_Datalogger_Sensor\Project_Datalogger_Sensor\1.Source_Code_L496\wm_gsm_ethernet_v3\EWARM\wm_gsm_ethernet_v3\Obj\user_lpm.o
#        D:\Saoviet_Bitbucket\Saoviet_Datalogger_Sensor\Project_Datalogger_Sensor\1.Source_Code_L496\wm_gsm_ethernet_v3\EWARM\wm_gsm_ethernet_v3\Obj\user_lptim.o
#        D:\Saoviet_Bitbucket\Saoviet_Datalogger_Sensor\Project_Datalogger_Sensor\1.Source_Code_L496\wm_gsm_ethernet_v3\EWARM\wm_gsm_ethernet_v3\Obj\user_mem_comm.o
#        D:\Saoviet_Bitbucket\Saoviet_Datalogger_Sensor\Project_Datalogger_Sensor\1.Source_Code_L496\wm_gsm_ethernet_v3\EWARM\wm_gsm_ethernet_v3\Obj\user_modbus_rtu.o
#        D:\Saoviet_Bitbucket\Saoviet_Datalogger_Sensor\Project_Datalogger_Sensor\1.Source_Code_L496\wm_gsm_ethernet_v3\EWARM\wm_gsm_ethernet_v3\Obj\user_modem.o
#        D:\Saoviet_Bitbucket\Saoviet_Datalogger_Sensor\Project_Datalogger_Sensor\1.Source_Code_L496\wm_gsm_ethernet_v3\EWARM\wm_gsm_ethernet_v3\Obj\user_mqtt.o
#        D:\Saoviet_Bitbucket\Saoviet_Datalogger_Sensor\Project_Datalogger_Sensor\1.Source_Code_L496\wm_gsm_ethernet_v3\EWARM\wm_gsm_ethernet_v3\Obj\user_obis_sv.o
#        D:\Saoviet_Bitbucket\Saoviet_Datalogger_Sensor\Project_Datalogger_Sensor\1.Source_Code_L496\wm_gsm_ethernet_v3\EWARM\wm_gsm_ethernet_v3\Obj\user_rs485.o
#        D:\Saoviet_Bitbucket\Saoviet_Datalogger_Sensor\Project_Datalogger_Sensor\1.Source_Code_L496\wm_gsm_ethernet_v3\EWARM\wm_gsm_ethernet_v3\Obj\user_rtc.o
#        D:\Saoviet_Bitbucket\Saoviet_Datalogger_Sensor\Project_Datalogger_Sensor\1.Source_Code_L496\wm_gsm_ethernet_v3\EWARM\wm_gsm_ethernet_v3\Obj\user_sim.o
#        D:\Saoviet_Bitbucket\Saoviet_Datalogger_Sensor\Project_Datalogger_Sensor\1.Source_Code_L496\wm_gsm_ethernet_v3\EWARM\wm_gsm_ethernet_v3\Obj\user_sim_common.o
#        D:\Saoviet_Bitbucket\Saoviet_Datalogger_Sensor\Project_Datalogger_Sensor\1.Source_Code_L496\wm_gsm_ethernet_v3\EWARM\wm_gsm_ethernet_v3\Obj\user_string.o
#        D:\Saoviet_Bitbucket\Saoviet_Datalogger_Sensor\Project_Datalogger_Sensor\1.Source_Code_L496\wm_gsm_ethernet_v3\EWARM\wm_gsm_ethernet_v3\Obj\user_time.o
#        D:\Saoviet_Bitbucket\Saoviet_Datalogger_Sensor\Project_Datalogger_Sensor\1.Source_Code_L496\wm_gsm_ethernet_v3\EWARM\wm_gsm_ethernet_v3\Obj\user_timer.o
#        D:\Saoviet_Bitbucket\Saoviet_Datalogger_Sensor\Project_Datalogger_Sensor\1.Source_Code_L496\wm_gsm_ethernet_v3\EWARM\wm_gsm_ethernet_v3\Obj\user_tiny_vsnprintf.o
#        D:\Saoviet_Bitbucket\Saoviet_Datalogger_Sensor\Project_Datalogger_Sensor\1.Source_Code_L496\wm_gsm_ethernet_v3\EWARM\wm_gsm_ethernet_v3\Obj\user_uart.o
#        D:\Saoviet_Bitbucket\Saoviet_Datalogger_Sensor\Project_Datalogger_Sensor\1.Source_Code_L496\wm_gsm_ethernet_v3\EWARM\wm_gsm_ethernet_v3\Obj\user_util.o
#        D:\Saoviet_Bitbucket\Saoviet_Datalogger_Sensor\Project_Datalogger_Sensor\1.Source_Code_L496\wm_gsm_ethernet_v3\EWARM\wm_gsm_ethernet_v3\Obj\user_wm_digital.o
#        D:\Saoviet_Bitbucket\Saoviet_Datalogger_Sensor\Project_Datalogger_Sensor\1.Source_Code_L496\wm_gsm_ethernet_v3\EWARM\wm_gsm_ethernet_v3\Obj\w5500.o
#        D:\Saoviet_Bitbucket\Saoviet_Datalogger_Sensor\Project_Datalogger_Sensor\1.Source_Code_L496\wm_gsm_ethernet_v3\EWARM\wm_gsm_ethernet_v3\Obj\wizchip_conf.o
#        D:\Saoviet_Bitbucket\Saoviet_Datalogger_Sensor\Project_Datalogger_Sensor\1.Source_Code_L496\wm_gsm_ethernet_v3\EWARM\wm_gsm_ethernet_v3\Obj\wm_mt100.o
#        D:\Saoviet_Bitbucket\Saoviet_Datalogger_Sensor\Project_Datalogger_Sensor\1.Source_Code_L496\wm_gsm_ethernet_v3\EWARM\wm_gsm_ethernet_v3\Obj\woteck_wm.o
#        --no_out_extension -o
#        D:\Saoviet_Bitbucket\Saoviet_Datalogger_Sensor\Project_Datalogger_Sensor\1.Source_Code_L496\wm_gsm_ethernet_v3\EWARM\wm_gsm_ethernet_v3\Exe\wm_gsm_ethernet_v3.out
#        --redirect _Printf=_PrintfFullNoMb --redirect _Scanf=_ScanfFullNoMb
#        --map
#        D:\Saoviet_Bitbucket\Saoviet_Datalogger_Sensor\Project_Datalogger_Sensor\1.Source_Code_L496\wm_gsm_ethernet_v3\EWARM\wm_gsm_ethernet_v3\List\wm_gsm_ethernet_v3.map
#        --config
#        D:\Saoviet_Bitbucket\Saoviet_Datalogger_Sensor\Project_Datalogger_Sensor\1.Source_Code_L496\wm_gsm_ethernet_v3\EWARM/stm32l496xx_flash.icf
#        --semihosting --entry __iar_program_start --vfe --text_out locale)
#
###############################################################################

*******************************************************************************
*** RUNTIME MODEL ATTRIBUTES
***

CppFlavor       = *
__Heap_Handler  = DLMalloc
__SystemLibrary = DLib
__dlib_version  = 6


*******************************************************************************
*** HEAP SELECTION
***

The advanced heap was selected because the application calls memory
allocation functions outside of system library functions, and there
are calls to deallocation functions in the application.


*******************************************************************************
*** PLACEMENT SUMMARY
***

"A0":  place at address 0x800'4000 { ro section .intvec };
"P1":  place in [from 0x800'0000 to 0x80f'ffff] { ro };
define block CSTACK with size = 2K, alignment = 8 { };
define block HEAP with size = 512, alignment = 8 { };
"P2":  place in [from 0x2000'0000 to 0x2004'ffff] {
          rw, block CSTACK, block HEAP };
initialize by copy { rw };

  Section            Kind         Address      Size  Object
  -------            ----         -------      ----  ------
"A0":                                         0x1ac
  .intvec            ro code   0x800'4000     0x1ac  startup_stm32l496xx.o [1]
                             - 0x800'41ac     0x1ac

"P1":                                      0x2'75df
  .text              ro code   0x800'41ac    0x3858  user_app_wm.o [1]
  .text              ro code   0x800'7a04     0x32c  user_timer.o [1]
  .text              ro code   0x800'7d30       0xc  stm32l4xx_hal.o [1]
  .text              ro code   0x800'7d3c      0x4a  event_driven.o [1]
  .text              ro code   0x800'7d86      0x3a  zero_init3.o [4]
  .text              ro code   0x800'7dc0     0x7a4  user_util.o [1]
  .text              ro code   0x800'8564     0x29c  user_time.o [1]
  .text              ro code   0x800'8800     0x2da  user_adv_trace.o [1]
  .text              ro code   0x800'8ada       0xa  xsprout.o [2]
  .text              ro code   0x800'8ae4     0x158  user_lptim.o [1]
  .text              ro code   0x800'8c3c    0x2034  user_app_ethernet.o [1]
  .text              ro code   0x800'ac70     0xf80  user_app_sim.o [1]
  .text              ro code   0x800'bbf0      0x66  ABImemset.o [4]
  .rodata            const     0x800'bc56       0x2  user_app_wm.o [1]
  .text              ro code   0x800'bc58      0x40  sprintf.o [2]
  .text              ro code   0x800'bc98      0x48  FltToDbl.o [3]
  .text              ro code   0x800'bce0      0x3a  DblToS32.o [3]
  .rodata            const     0x800'bd1a       0x2  user_ec200u.o [1]
  .text              ro code   0x800'bd1c     0x3c8  stm32l4xx_hal_gpio.o [1]
  .text              ro code   0x800'c0e4     0x564  user_rs485.o [1]
  .text              ro code   0x800'c648     0x380  user_wm_digital.o [1]
  .text              ro code   0x800'c9c8     0x14c  user_adc.o [1]
  .text              ro code   0x800'cb14     0x980  user_app_comm.o [1]
  .text              ro code   0x800'd494      0x2e  DblCmpLe.o [3]
  .rodata            const     0x800'd4c2       0x2  user_ec200u.o [1]
  .text              ro code   0x800'd4c4      0xe2  DblSub.o [3]
  .rodata            const     0x800'd5a6       0x2  xlocale_c.o [2]
  .text              ro code   0x800'd5a8     0x1a2  DblMul.o [3]
  .rodata            const     0x800'd74a       0x2  xlocale_c.o [2]
  .text              ro code   0x800'd74c     0x246  DblDiv.o [3]
  .rodata            const     0x800'd992       0x1  xlocale_c.o [2]
  .text              ro code   0x800'd994     0x17a  DblAdd.o [3]
  .text              ro code   0x800'db10     0x166  onchipflash.o [1]
  .text              ro code   0x800'dc78    0x1284  user_app_mem.o [1]
  .text              ro code   0x800'eefc      0x36  strlen.o [4]
  .text              ro code   0x800'ef34      0xa6  ABImemcpy.o [4]
  .text              ro code   0x800'efdc      0x22  S32ToDbl.o [3]
  .text              ro code   0x800'effe     0x28a  user_obis_sv.o [1]
  .text              ro code   0x800'f288      0x68  DblToFlt.o [3]
  .text              ro code   0x800'f2f0      0x1e  math_wrappers64.o [3]
  .text              ro code   0x800'f310      0x1a  U32ToDbl.o [3]
  .text              ro code   0x800'f32c     0x14c  iar_Stoulx.o [2]
  .text              ro code   0x800'f478    0x14dc  dlmalloc.o [2]
  .text              ro code   0x801'0954       0x4  heaptramp0.o [2]
  .text              ro code   0x801'0958     0x230  I64DivMod.o [4]
  .text              ro code   0x801'0b88     0x736  stm32l4xx_hal_rtc.o [1]
  .text              ro code   0x801'12c0     0x2d8  user_tiny_vsnprintf.o [1]
  .text              ro code   0x801'1598       0x2  user_adv_trace.o [1]
  .text              ro code   0x801'159c     0x18c  stm32l4xx_hal_lptim.o [1]
  .text              ro code   0x801'1728     0x37c  stm32l4xx_hal_tim.o [1]
  .text              ro code   0x801'1aa4       0x8  abs.o [2]
  .text              ro code   0x801'1aac     0x424  w5500.o [1]
  .text              ro code   0x801'1ed0    0x2ce8  user_modem.o [1]
  .text              ro code   0x801'4bb8    0x10f4  dhcp.o [1]
  .text              ro code   0x801'5cac     0x4d0  dns.o [1]
  .text              ro code   0x801'617c     0x16a  queue_p.o [1]
  .text              ro code   0x801'62e8     0xc8c  socket.o [1]
  .text              ro code   0x801'6f74     0xc92  user_mqtt.o [1]
  .text              ro code   0x801'7c06     0x2a6  user_string.o [1]
  .text              ro code   0x801'7eac     0x7e2  stm32l4xx_hal_spi.o [1]
  .text              ro code   0x801'8690     0x6be  wizchip_conf.o [1]
  .text              ro code   0x801'8d50      0x4c  strtok.o [2]
  .text              ro code   0x801'8d9c     0x1b0  stm32l4xx_hal_flash.o [1]
  .text              ro code   0x801'8f4c      0x28  stm32l4xx_hal.o [1]
  .text              ro code   0x801'8f74     0x96e  user_sim_common.o [1]
  .text              ro code   0x801'98e4     0x828  user_sim.o [1]
  .text              ro code   0x801'a10c     0x982  user_ec200u.o [1]
  .text              ro code   0x801'aa90     0xd64  stm32l4xx_hal_uart.o [1]
  .text              ro code   0x801'b7f4     0xfc6  xprintffull_nomb.o [2]
  .text              ro code   0x801'c7ba      0x66  stm32l4xx_hal_uart_ex.o [1]
  .text              ro code   0x801'c820     0x15c  stm32l4xx_hal_cortex.o [1]
  .text              ro code   0x801'c97c      0xb4  user_modbus_rtu.o [1]
  .text              ro code   0x801'ca30      0xf0  main.o [1]
  .text              ro code   0x801'cb20     0x20c  wm_mt100.o [1]
  .text              ro code   0x801'cd2c     0xe6a  stm32l4xx_hal_adc.o [1]
  .text              ro code   0x801'db98     0x1ec  stm32l4xx_hal_adc_ex.o [1]
  .text              ro code   0x801'dd84     0x168  user_uart.o [1]
  .text              ro code   0x801'deec     0x154  user_lpm.o [1]
  .text              ro code   0x801'e040     0xfb0  lcd_display.o [1]
  .text              ro code   0x801'eff0     0x978  stm32l4xx_hal_rcc.o [1]
  .text              ro code   0x801'f968     0x520  usart.o [1]
  .text              ro code   0x801'fe88      0xb4  stm32l4xx_hal_flash_ex.o [1]
  .text              ro code   0x801'ff3c     0x110  user_internal_mem.o [1]
  .text              ro code   0x802'004c     0x328  cat24mxx.o [1]
  .text              ro code   0x802'0374     0x4f8  strto64.o [3]
  .text              ro code   0x802'086c     0x6ec  pow64.o [3]
  .text              ro code   0x802'0f58      0x14  isspace.o [2]
  .text              ro code   0x802'0f6c      0x14  tolower.o [2]
  .text              ro code   0x802'0f80      0x58  memchr.o [4]
  .text              ro code   0x802'0fd8       0x6  abort.o [2]
  .text              ro code   0x802'0fe0      0x2c  xgetmemchunk.o [2]
  .text              ro code   0x802'100c       0x6  ABImemclr.o [4]
  .text              ro code   0x802'1014       0x2  I64DivZer.o [4]
  .text              ro code   0x802'1018      0x58  rtc.o [1]
  .text              ro code   0x802'1070     0x358  user_rtc.o [1]
  .text              ro code   0x802'13c8       0x2  stm32l4xx_hal_rtc_ex.o [1]
  .text              ro code   0x802'13cc     0x194  lptim.o [1]
  .text              ro code   0x802'1560     0x1dc  tim.o [1]
  .text              ro code   0x802'173c      0x14  memset.o [4]
  .text              ro code   0x802'1750      0x18  strcpy.o [4]
  .text              ro code   0x802'1768      0x70  strncpy.o [4]
  .text              ro code   0x802'17d8      0x16  strchr.o [4]
  .text              ro code   0x802'17f0      0xc8  MQTTSerializePublish.o [1]
  .text              ro code   0x802'18b8       0x6  ABImemclr4.o [4]
  .text              ro code   0x802'18c0      0xe0  MQTTSubscribeClient.o [1]
  .text              ro code   0x802'19a0     0x1f0  MQTTConnectClient.o [1]
  .text              ro code   0x802'1b90     0x16c  spi.o [1]
  .text              ro code   0x802'1cfc      0x22  strspn.o [2]
  .text              ro code   0x802'1d1e      0x22  strcspn.o [2]
  .text              ro code   0x802'1d40      0x2c  strstr.o [2]
  .text              ro code   0x802'1d6c     0x3fe  stm32l4xx_hal_dma.o [1]
  .text              ro code   0x802'216a       0x2  stm32l4xx_hal_uart.o [1]
  .text              ro code   0x802'216c       0x2  stm32l4xx_hal_uart.o [1]
  .text              ro code   0x802'2170      0x40  xfail_s.o [2]
  .text              ro code   0x802'21b0      0x70  frexp.o [3]
  .text              ro code   0x802'2220      0x2e  DblCmpGe.o [3]
  .text              ro code   0x802'2250     0x13a  ldexp.o [3]
  .text              ro code   0x802'238c      0x28  DblToU32.o [3]
  .text              ro code   0x802'23b4      0x4c  xlocale_c.o [2]
  .text              ro code   0x802'2400      0x4c  stm32l4xx_hal.o [1]
  .text              ro code   0x802'244c     0x370  gpio.o [1]
  .text              ro code   0x802'27bc      0x70  dma.o [1]
  .text              ro code   0x802'282c     0x1d8  adc.o [1]
  .text              ro code   0x802'2a04      0xf4  i2c.o [1]
  .text              ro code   0x802'2af8     0x108  stm32l4xx_hal_pwr_ex.o [1]
  .text              ro code   0x802'2c00      0x78  stm32l4xx_hal_pwr.o [1]
  .text              ro code   0x802'2c78      0x10  stm32l4xx_hal.o [1]
  .text              ro code   0x802'2c88      0x10  stm32l4xx_hal.o [1]
  .text              ro code   0x802'2c98      0xac  STM32L4.o [1]
  .text              ro code   0x802'2d44     0x270  text_tiny.o [1]
  .text              ro code   0x802'2fb4      0x14  unit_tests.o [1]
  .text              ro code   0x802'2fc8      0xdc  glcd.o [1]
  .text              ro code   0x802'30a4     0x378  text.o [1]
  .text              ro code   0x802'341c     0x28c  graphics.o [1]
  .text              ro code   0x802'36a8     0x150  ST7565R.o [1]
  .text              ro code   0x802'37f8     0xcac  button.o [1]
  .text              ro code   0x802'44a4      0x5c  stm32l4xx_hal.o [1]
  .text              ro code   0x802'4500     0x704  stm32l4xx_hal_rcc_ex.o [1]
  .text              ro code   0x802'4c04     0x820  stm32l4xx_hal_i2c.o [1]
  .text              ro code   0x802'5424     0x122  iar_Stopfx.o [2]
  .text              ro code   0x802'5548     0x1b8  iar_Stoflt.o [2]
  .text              ro code   0x802'5700     0x208  iar_Stoxflt.o [2]
  .text              ro code   0x802'5908      0x20  DblCmpEq.o [3]
  .text              ro code   0x802'5928     0x3e8  iar_Exp64.o [3]
  .text              ro code   0x802'5d10      0x14  exit.o [5]
  .text              ro code   0x802'5d24      0x46  stm32l4xx_hal_rtc_ex.o [1]
  .text              ro code   0x802'5d6c      0xb4  stm32l4xx_hal_tim_ex.o [1]
  .text              ro code   0x802'5e20     0x108  MQTTPacket.o [1]
  .text              ro code   0x802'5f28      0x32  ABImemset48.o [4]
  .text              ro code   0x802'5f5c      0x38  stm32l4xx_hal_msp.o [1]
  .text              ro code   0x802'5f94      0xbe  stm32l4xx_hal_i2c_ex.o [1]
  .text              ro code   0x802'6052      0x14  isalpha.o [2]
  .rodata            const     0x802'6068     0x760  user_ec200u.o [1]
  .rodata            const     0x802'67c8     0x548  lcd_display.o [1]
  .rodata            const     0x802'6d10      0x3c  user_app_ethernet.o [1]
  .rodata            const     0x802'6d50     0x420  pow64.o [3]
  .rodata            const     0x802'7170     0x400  unit_tests.o [1]
  .rodata            const     0x802'7570     0x214  lcd_display.o [1]
  .rodata            const     0x802'7784     0x1d0  user_mqtt.o [1]
  .text              ro code   0x802'7954     0x1b4  woteck_wm.o [1]
  .text              ro code   0x802'7b08      0xe0  stm32l4xx_it.o [1]
  .text              ro code   0x802'7be8      0x18  stm32l4xx_hal.o [1]
  .rodata            const     0x802'7c00      0xd0  user_ec200u.o [1]
  .text              ro code   0x802'7cd0      0xcc  user_log.o [1]
  .rodata            const     0x802'7d9c      0xc8  user_modem.o [1]
  .rodata            const     0x802'7e64      0xc8  user_modem.o [1]
  .rodata            const     0x802'7f2c      0xb0  user_mqtt.o [1]
  .rodata            const     0x802'7fdc      0x78  user_modem.o [1]
  .text              ro code   0x802'8054      0x78  lz77_init_single.o [4]
  .text              ro code   0x802'80cc      0x58  level_S_YW_01B.o [1]
  .rodata            const     0x802'8124      0x50  iar_Stoulx.o [2]
  .rodata            const     0x802'8174      0x34  user_app_ethernet.o [1]
  .rodata            const     0x802'81a8      0x48  strto64.o [3]
  .text              ro code   0x802'81f0      0x48  level_SUP_PX261_B.o [1]
  .rodata            const     0x802'8238      0x38  user_app_wm.o [1]
  .rodata            const     0x802'8270      0x30  system_stm32l4xx.o [1]
  .rodata            const     0x802'82a0      0x30  user_ec200u.o [1]
  .rodata            const     0x802'82d0      0x30  user_ec200u.o [1]
  .rodata            const     0x802'8300      0x2c  user_app_comm.o [1]
  .rodata            const     0x802'832c      0x2c  user_rtc.o [1]
  .rodata            const     0x802'8358      0x28  user_app_ethernet.o [1]
  .rodata            const     0x802'8380      0x28  user_app_mem.o [1]
  .rodata            const     0x802'83a8      0x28  user_app_mem.o [1]
  .rodata            const     0x802'83d0      0x28  user_app_sim.o [1]
  .rodata            const     0x802'83f8      0x28  user_app_wm.o [1]
  .rodata            const     0x802'8420      0x28  user_ec200u.o [1]
  .rodata            const     0x802'8448      0x28  user_ec200u.o [1]
  .rodata            const     0x802'8470      0x28  user_ec200u.o [1]
  .rodata            const     0x802'8498      0x28  user_modem.o [1]
  .rodata            const     0x802'84c0      0x28  user_tiny_vsnprintf.o [1]
  .rodata            const     0x802'84e8      0x28  user_tiny_vsnprintf.o [1]
  .text              ro code   0x802'8510      0x28  level_ultrasonic.o [1]
  .text              ro code   0x802'8538      0x28  data_init.o [4]
  .rodata            const     0x802'8560      0x24  cat24mxx.o [1]
  .rodata            const     0x802'8584      0x24  cat24mxx.o [1]
  .rodata            const     0x802'85a8      0x24  user_app_comm.o [1]
  .rodata            const     0x802'85cc      0x24  user_app_comm.o [1]
  .rodata            const     0x802'85f0      0x24  user_app_comm.o [1]
  .rodata            const     0x802'8614      0x24  user_app_comm.o [1]
  .rodata            const     0x802'8638      0x24  user_app_ethernet.o [1]
  .rodata            const     0x802'865c      0x24  user_app_ethernet.o [1]
  .rodata            const     0x802'8680      0x24  user_app_ethernet.o [1]
  .rodata            const     0x802'86a4      0x24  user_app_ethernet.o [1]
  .rodata            const     0x802'86c8      0x24  user_app_ethernet.o [1]
  .rodata            const     0x802'86ec      0x24  user_app_ethernet.o [1]
  .rodata            const     0x802'8710      0x24  user_app_ethernet.o [1]
  .rodata            const     0x802'8734      0x24  user_app_mem.o [1]
  .rodata            const     0x802'8758      0x24  user_app_mem.o [1]
  .rodata            const     0x802'877c      0x24  user_app_mem.o [1]
  .rodata            const     0x802'87a0      0x24  user_app_mem.o [1]
  .rodata            const     0x802'87c4      0x24  user_app_mem.o [1]
  .rodata            const     0x802'87e8      0x24  user_app_mem.o [1]
  .rodata            const     0x802'880c      0x24  user_app_mem.o [1]
  .rodata            const     0x802'8830      0x24  user_app_mem.o [1]
  .rodata            const     0x802'8854      0x24  user_app_mem.o [1]
  .rodata            const     0x802'8878      0x24  user_app_mem.o [1]
  .rodata            const     0x802'889c      0x24  user_app_mem.o [1]
  .rodata            const     0x802'88c0      0x24  user_app_mem.o [1]
  .rodata            const     0x802'88e4      0x24  user_app_mem.o [1]
  .rodata            const     0x802'8908      0x24  user_app_sim.o [1]
  .rodata            const     0x802'892c      0x24  user_app_wm.o [1]
  .rodata            const     0x802'8950      0x24  user_app_wm.o [1]
  .rodata            const     0x802'8974      0x24  user_ec200u.o [1]
  .text              ro code   0x802'8998      0x22  fpinit_M.o [3]
  .iar.init_table    const     0x802'89bc      0x20  - Linker created -
  .rodata            const     0x802'89dc      0x20  user_app_comm.o [1]
  .rodata            const     0x802'89fc      0x20  user_app_comm.o [1]
  .rodata            const     0x802'8a1c      0x20  user_app_comm.o [1]
  .rodata            const     0x802'8a3c      0x20  user_app_comm.o [1]
  .rodata            const     0x802'8a5c      0x20  user_app_comm.o [1]
  .rodata            const     0x802'8a7c      0x20  user_app_comm.o [1]
  .rodata            const     0x802'8a9c      0x20  user_app_comm.o [1]
  .rodata            const     0x802'8abc      0x20  user_app_ethernet.o [1]
  .rodata            const     0x802'8adc      0x20  user_app_ethernet.o [1]
  .rodata            const     0x802'8afc      0x20  user_app_ethernet.o [1]
  .rodata            const     0x802'8b1c      0x20  user_app_ethernet.o [1]
  .rodata            const     0x802'8b3c      0x20  user_app_ethernet.o [1]
  .rodata            const     0x802'8b5c      0x20  user_app_ethernet.o [1]
  .rodata            const     0x802'8b7c      0x20  user_app_ethernet.o [1]
  .rodata            const     0x802'8b9c      0x20  user_app_mem.o [1]
  .rodata            const     0x802'8bbc      0x20  user_app_mem.o [1]
  .rodata            const     0x802'8bdc      0x20  user_app_sim.o [1]
  .rodata            const     0x802'8bfc      0x20  user_app_sim.o [1]
  .rodata            const     0x802'8c1c      0x20  user_app_wm.o [1]
  .rodata            const     0x802'8c3c      0x20  user_app_wm.o [1]
  .rodata            const     0x802'8c5c      0x20  user_app_wm.o [1]
  .rodata            const     0x802'8c7c      0x20  user_app_wm.o [1]
  .rodata            const     0x802'8c9c      0x20  user_app_wm.o [1]
  .rodata            const     0x802'8cbc      0x20  user_app_wm.o [1]
  .rodata            const     0x802'8cdc      0x20  user_app_wm.o [1]
  .rodata            const     0x802'8cfc      0x20  user_ec200u.o [1]
  .rodata            const     0x802'8d1c      0x20  user_ec200u.o [1]
  .rodata            const     0x802'8d3c      0x20  user_ec200u.o [1]
  .rodata            const     0x802'8d5c      0x20  user_ec200u.o [1]
  .rodata            const     0x802'8d7c      0x20  user_ec200u.o [1]
  .rodata            const     0x802'8d9c      0x20  user_ec200u.o [1]
  .rodata            const     0x802'8dbc      0x20  user_modem.o [1]
  .rodata            const     0x802'8ddc      0x20  user_modem.o [1]
  .rodata            const     0x802'8dfc      0x20  user_mqtt.o [1]
  .rodata            const     0x802'8e1c      0x20  user_rtc.o [1]
  .rodata            const     0x802'8e3c      0x20  user_sim.o [1]
  .rodata            const     0x802'8e5c      0x20  user_sim.o [1]
  .text              ro code   0x802'8e7c      0x20  system_stm32l4xx.o [1]
  .text              ro code   0x802'8e9c      0x1e  cmain.o [4]
  .text              ro code   0x802'8eba       0x4  low_level_init.o [2]
  .text              ro code   0x802'8ebe       0x4  exit.o [2]
  .text              ro code   0x802'8ec4       0xa  cexit.o [4]
  .rodata            const     0x802'8ed0      0x1c  user_app_comm.o [1]
  .rodata            const     0x802'8eec      0x1c  user_app_comm.o [1]
  .rodata            const     0x802'8f08      0x1c  user_app_comm.o [1]
  .rodata            const     0x802'8f24      0x1c  user_app_comm.o [1]
  .rodata            const     0x802'8f40      0x1c  user_app_comm.o [1]
  .rodata            const     0x802'8f5c      0x1c  user_app_ethernet.o [1]
  .rodata            const     0x802'8f78      0x1c  user_app_ethernet.o [1]
  .rodata            const     0x802'8f94      0x1c  user_app_ethernet.o [1]
  .rodata            const     0x802'8fb0      0x1c  user_app_ethernet.o [1]
  .rodata            const     0x802'8fcc      0x1c  user_app_ethernet.o [1]
  .rodata            const     0x802'8fe8      0x1c  user_app_ethernet.o [1]
  .rodata            const     0x802'9004      0x1c  user_app_ethernet.o [1]
  .rodata            const     0x802'9020      0x1c  user_app_ethernet.o [1]
  .rodata            const     0x802'903c      0x1c  user_app_ethernet.o [1]
  .rodata            const     0x802'9058      0x1c  user_app_ethernet.o [1]
  .rodata            const     0x802'9074      0x1c  user_app_ethernet.o [1]
  .rodata            const     0x802'9090      0x1c  user_app_ethernet.o [1]
  .rodata            const     0x802'90ac      0x1c  user_app_ethernet.o [1]
  .rodata            const     0x802'90c8      0x1c  user_app_ethernet.o [1]
  .rodata            const     0x802'90e4      0x1c  user_app_mem.o [1]
  .rodata            const     0x802'9100      0x1c  user_app_sim.o [1]
  .rodata            const     0x802'911c      0x1c  user_app_sim.o [1]
  .rodata            const     0x802'9138      0x1c  user_app_sim.o [1]
  .rodata            const     0x802'9154      0x1c  user_app_sim.o [1]
  .rodata            const     0x802'9170      0x1c  user_app_sim.o [1]
  .rodata            const     0x802'918c      0x1c  user_app_wm.o [1]
  .rodata            const     0x802'91a8      0x1c  user_app_wm.o [1]
  .rodata            const     0x802'91c4      0x1c  user_app_wm.o [1]
  .rodata            const     0x802'91e0      0x1c  user_app_wm.o [1]
  .rodata            const     0x802'91fc      0x1c  user_app_wm.o [1]
  .rodata            const     0x802'9218      0x1c  user_app_wm.o [1]
  .rodata            const     0x802'9234      0x1c  user_app_wm.o [1]
  .rodata            const     0x802'9250      0x1c  user_app_wm.o [1]
  .rodata            const     0x802'926c      0x1c  user_app_wm.o [1]
  .rodata            const     0x802'9288      0x1c  user_app_wm.o [1]
  .rodata            const     0x802'92a4      0x1c  user_app_wm.o [1]
  .rodata            const     0x802'92c0      0x1c  user_ec200u.o [1]
  .rodata            const     0x802'92dc      0x1c  user_ec200u.o [1]
  .rodata            const     0x802'92f8      0x1c  user_ec200u.o [1]
  .rodata            const     0x802'9314      0x1c  user_ec200u.o [1]
  .rodata            const     0x802'9330      0x1c  user_ec200u.o [1]
  .rodata            const     0x802'934c      0x1c  user_ec200u.o [1]
  .rodata            const     0x802'9368      0x1c  user_ec200u.o [1]
  .rodata            const     0x802'9384      0x1c  user_ec200u.o [1]
  .rodata            const     0x802'93a0      0x1c  user_modem.o [1]
  .rodata            const     0x802'93bc      0x1c  user_modem.o [1]
  .rodata            const     0x802'93d8      0x1c  user_mqtt.o [1]
  .rodata            const     0x802'93f4      0x1c  user_sim.o [1]
  .rodata            const     0x802'9410      0x1c  user_uart.o [1]
  .rodata            const     0x802'942c      0x18  socket.o [1]
  .rodata            const     0x802'9444      0x18  socket.o [1]
  .rodata            const     0x802'945c      0x18  user_app_comm.o [1]
  .rodata            const     0x802'9474      0x18  user_app_comm.o [1]
  .rodata            const     0x802'948c      0x18  user_app_comm.o [1]
  .rodata            const     0x802'94a4      0x18  user_app_ethernet.o [1]
  .rodata            const     0x802'94bc      0x18  user_app_ethernet.o [1]
  .rodata            const     0x802'94d4      0x18  user_app_ethernet.o [1]
  .rodata            const     0x802'94ec      0x18  user_app_ethernet.o [1]
  .rodata            const     0x802'9504      0x18  user_app_ethernet.o [1]
  .rodata            const     0x802'951c      0x18  user_app_sim.o [1]
  .rodata            const     0x802'9534      0x18  user_app_wm.o [1]
  .rodata            const     0x802'954c      0x18  user_app_wm.o [1]
  .rodata            const     0x802'9564      0x18  user_app_wm.o [1]
  .rodata            const     0x802'957c      0x18  user_app_wm.o [1]
  .rodata            const     0x802'9594      0x18  user_app_wm.o [1]
  .rodata            const     0x802'95ac      0x18  user_app_wm.o [1]
  .rodata            const     0x802'95c4      0x18  user_ec200u.o [1]
  .rodata            const     0x802'95dc      0x18  user_ec200u.o [1]
  .rodata            const     0x802'95f4      0x18  user_ec200u.o [1]
  .rodata            const     0x802'960c      0x18  user_ec200u.o [1]
  .rodata            const     0x802'9624      0x18  user_lpm.o [1]
  .rodata            const     0x802'963c      0x18  user_modem.o [1]
  .rodata            const     0x802'9654      0x18  user_mqtt.o [1]
  .rodata            const     0x802'966c      0x18  user_mqtt.o [1]
  .rodata            const     0x802'9684      0x18  wm_mt100.o [1]
  .rodata            const     0x802'969c      0x18  woteck_wm.o [1]
  .rodata            const     0x802'96b4      0x14  dhcp.o [1]
  .rodata            const     0x802'96c8      0x14  lcd_display.o [1]
  .rodata            const     0x802'96dc      0x14  lcd_display.o [1]
  .rodata            const     0x802'96f0      0x14  lcd_display.o [1]
  .rodata            const     0x802'9704      0x14  lcd_display.o [1]
  .rodata            const     0x802'9718      0x14  user_app_comm.o [1]
  .rodata            const     0x802'972c      0x14  user_app_ethernet.o [1]
  .rodata            const     0x802'9740      0x14  user_app_ethernet.o [1]
  .rodata            const     0x802'9754      0x14  user_app_ethernet.o [1]
  .rodata            const     0x802'9768      0x14  user_app_ethernet.o [1]
  .rodata            const     0x802'977c      0x14  user_app_ethernet.o [1]
  .rodata            const     0x802'9790      0x14  user_app_ethernet.o [1]
  .rodata            const     0x802'97a4      0x14  user_app_ethernet.o [1]
  .rodata            const     0x802'97b8      0x14  user_app_mem.o [1]
  .rodata            const     0x802'97cc      0x14  user_app_mem.o [1]
  .rodata            const     0x802'97e0      0x14  user_app_mem.o [1]
  .rodata            const     0x802'97f4      0x14  user_app_mem.o [1]
  .rodata            const     0x802'9808      0x14  user_app_wm.o [1]
  .rodata            const     0x802'981c      0x14  user_app_wm.o [1]
  .rodata            const     0x802'9830      0x14  user_app_wm.o [1]
  .rodata            const     0x802'9844      0x14  user_app_wm.o [1]
  .rodata            const     0x802'9858      0x14  user_app_wm.o [1]
  .rodata            const     0x802'986c      0x14  user_at_serial.o [1]
  .rodata            const     0x802'9880      0x14  user_at_serial.o [1]
  .rodata            const     0x802'9894      0x14  user_at_serial.o [1]
  .rodata            const     0x802'98a8      0x14  user_at_serial.o [1]
  .rodata            const     0x802'98bc      0x14  user_ec200u.o [1]
  .rodata            const     0x802'98d0      0x14  user_ec200u.o [1]
  .rodata            const     0x802'98e4      0x14  user_ec200u.o [1]
  .rodata            const     0x802'98f8      0x14  user_ec200u.o [1]
  .rodata            const     0x802'990c      0x14  user_ec200u.o [1]
  .rodata            const     0x802'9920      0x14  user_ec200u.o [1]
  .rodata            const     0x802'9934      0x14  user_log.o [1]
  .rodata            const     0x802'9948      0x14  user_modem.o [1]
  .rodata            const     0x802'995c      0x14  user_modem.o [1]
  .rodata            const     0x802'9970      0x14  user_modem.o [1]
  .rodata            const     0x802'9984      0x14  user_mqtt.o [1]
  .rodata            const     0x802'9998      0x14  user_mqtt.o [1]
  .rodata            const     0x802'99ac      0x14  user_mqtt.o [1]
  .rodata            const     0x802'99c0      0x10  lcd_display.o [1]
  .rodata            const     0x802'99d0      0x10  lcd_display.o [1]
  .rodata            const     0x802'99e0      0x10  lcd_display.o [1]
  .rodata            const     0x802'99f0      0x10  lcd_display.o [1]
  .rodata            const     0x802'9a00      0x10  lcd_display.o [1]
  .rodata            const     0x802'9a10      0x10  lcd_display.o [1]
  .rodata            const     0x802'9a20      0x10  lcd_display.o [1]
  .rodata            const     0x802'9a30      0x10  lcd_display.o [1]
  .rodata            const     0x802'9a40      0x10  lcd_display.o [1]
  .rodata            const     0x802'9a50      0x10  lcd_display.o [1]
  .rodata            const     0x802'9a60      0x10  lcd_display.o [1]
  .rodata            const     0x802'9a70      0x10  lcd_display.o [1]
  .rodata            const     0x802'9a80      0x10  lcd_display.o [1]
  .rodata            const     0x802'9a90      0x10  lcd_display.o [1]
  .rodata            const     0x802'9aa0      0x10  lcd_display.o [1]
  .rodata            const     0x802'9ab0      0x10  lcd_display.o [1]
  .rodata            const     0x802'9ac0      0x10  lcd_display.o [1]
  .rodata            const     0x802'9ad0      0x10  lcd_display.o [1]
  .rodata            const     0x802'9ae0      0x10  lcd_display.o [1]
  .rodata            const     0x802'9af0      0x10  lcd_display.o [1]
  .rodata            const     0x802'9b00      0x10  lcd_display.o [1]
  .rodata            const     0x802'9b10      0x10  lcd_display.o [1]
  .rodata            const     0x802'9b20      0x10  lcd_display.o [1]
  .rodata            const     0x802'9b30      0x10  system_stm32l4xx.o [1]
  .rodata            const     0x802'9b40      0x10  user_app_ethernet.o [1]
  .rodata            const     0x802'9b50      0x10  user_app_ethernet.o [1]
  .rodata            const     0x802'9b60      0x10  user_app_ethernet.o [1]
  .rodata            const     0x802'9b70      0x10  user_app_ethernet.o [1]
  .rodata            const     0x802'9b80      0x10  user_app_mem.o [1]
  .rodata            const     0x802'9b90      0x10  user_app_sim.o [1]
  .rodata            const     0x802'9ba0      0x10  user_at_serial.o [1]
  .rodata            const     0x802'9bb0      0x10  user_at_serial.o [1]
  .rodata            const     0x802'9bc0      0x10  user_at_serial.o [1]
  .rodata            const     0x802'9bd0      0x10  user_at_serial.o [1]
  .rodata            const     0x802'9be0      0x10  user_at_serial.o [1]
  .rodata            const     0x802'9bf0      0x10  user_at_serial.o [1]
  .rodata            const     0x802'9c00      0x10  user_at_serial.o [1]
  .rodata            const     0x802'9c10      0x10  user_at_serial.o [1]
  .rodata            const     0x802'9c20      0x10  user_at_serial.o [1]
  .rodata            const     0x802'9c30      0x10  user_at_serial.o [1]
  .rodata            const     0x802'9c40      0x10  user_at_serial.o [1]
  .rodata            const     0x802'9c50      0x10  user_at_serial.o [1]
  .rodata            const     0x802'9c60      0x10  user_at_serial.o [1]
  .rodata            const     0x802'9c70      0x10  user_at_serial.o [1]
  .rodata            const     0x802'9c80      0x10  user_at_serial.o [1]
  .rodata            const     0x802'9c90      0x10  user_at_serial.o [1]
  .rodata            const     0x802'9ca0      0x10  user_at_serial.o [1]
  .rodata            const     0x802'9cb0      0x10  user_at_serial.o [1]
  .rodata            const     0x802'9cc0      0x10  user_at_serial.o [1]
  .rodata            const     0x802'9cd0      0x10  user_at_serial.o [1]
  .rodata            const     0x802'9ce0      0x10  user_at_serial.o [1]
  .rodata            const     0x802'9cf0      0x10  user_at_serial.o [1]
  .rodata            const     0x802'9d00      0x10  user_at_serial.o [1]
  .rodata            const     0x802'9d10      0x10  user_at_serial.o [1]
  .rodata            const     0x802'9d20      0x10  user_at_serial.o [1]
  .rodata            const     0x802'9d30      0x10  user_at_serial.o [1]
  .rodata            const     0x802'9d40      0x10  user_at_serial.o [1]
  .rodata            const     0x802'9d50      0x10  user_ec200u.o [1]
  .rodata            const     0x802'9d60      0x10  user_ec200u.o [1]
  .rodata            const     0x802'9d70      0x10  user_ec200u.o [1]
  .rodata            const     0x802'9d80      0x10  user_ec200u.o [1]
  .rodata            const     0x802'9d90      0x10  user_ec200u.o [1]
  .rodata            const     0x802'9da0      0x10  user_ec200u.o [1]
  .rodata            const     0x802'9db0      0x10  user_ec200u.o [1]
  .rodata            const     0x802'9dc0      0x10  user_ec200u.o [1]
  .rodata            const     0x802'9dd0      0x10  user_ec200u.o [1]
  .rodata            const     0x802'9de0      0x10  user_ec200u.o [1]
  .rodata            const     0x802'9df0      0x10  user_ec200u.o [1]
  .rodata            const     0x802'9e00      0x10  user_ec200u.o [1]
  .rodata            const     0x802'9e10      0x10  user_ec200u.o [1]
  .rodata            const     0x802'9e20      0x10  user_ec200u.o [1]
  .rodata            const     0x802'9e30      0x10  user_ec200u.o [1]
  .rodata            const     0x802'9e40      0x10  user_ec200u.o [1]
  .rodata            const     0x802'9e50      0x10  user_ec200u.o [1]
  .rodata            const     0x802'9e60      0x10  user_ec200u.o [1]
  .rodata            const     0x802'9e70      0x10  user_ec200u.o [1]
  .rodata            const     0x802'9e80      0x10  user_ec200u.o [1]
  .rodata            const     0x802'9e90      0x10  user_ec200u.o [1]
  .rodata            const     0x802'9ea0      0x10  user_ec200u.o [1]
  .rodata            const     0x802'9eb0      0x10  user_ec200u.o [1]
  .rodata            const     0x802'9ec0      0x10  user_ec200u.o [1]
  .rodata            const     0x802'9ed0      0x10  user_ec200u.o [1]
  .rodata            const     0x802'9ee0      0x10  user_modem.o [1]
  .rodata            const     0x802'9ef0      0x10  user_modem.o [1]
  .rodata            const     0x802'9f00      0x10  user_modem.o [1]
  .rodata            const     0x802'9f10      0x10  user_modem.o [1]
  .rodata            const     0x802'9f20      0x10  user_modem.o [1]
  .rodata            const     0x802'9f30      0x10  user_modem.o [1]
  .rodata            const     0x802'9f40      0x10  user_modem.o [1]
  .rodata            const     0x802'9f50      0x10  user_modem.o [1]
  .rodata            const     0x802'9f60      0x10  user_modem.o [1]
  .rodata            const     0x802'9f70      0x10  user_modem.o [1]
  .rodata            const     0x802'9f80      0x10  user_modem.o [1]
  .rodata            const     0x802'9f90      0x10  user_modem.o [1]
  .rodata            const     0x802'9fa0      0x10  user_mqtt.o [1]
  .rodata            const     0x802'9fb0      0x10  user_mqtt.o [1]
  .rodata            const     0x802'9fc0      0x10  user_mqtt.o [1]
  .text              ro code   0x802'9fd0      0x10  startup_stm32l496xx.o [1]
  .rodata            const     0x802'9fe0       0xc  lcd_display.o [1]
  .rodata            const     0x802'9fec       0xc  lcd_display.o [1]
  .rodata            const     0x802'9ff8       0xc  lcd_display.o [1]
  .rodata            const     0x802'a004       0xc  lcd_display.o [1]
  .rodata            const     0x802'a010       0xc  lcd_display.o [1]
  .rodata            const     0x802'a01c       0xc  lcd_display.o [1]
  .rodata            const     0x802'a028       0xc  lcd_display.o [1]
  .rodata            const     0x802'a034       0xc  lcd_display.o [1]
  .rodata            const     0x802'a040       0xc  user_app_comm.o [1]
  .rodata            const     0x802'a04c       0xc  user_app_ethernet.o [1]
  .rodata            const     0x802'a058       0xc  user_app_ethernet.o [1]
  .rodata            const     0x802'a064       0xc  user_app_ethernet.o [1]
  .rodata            const     0x802'a070       0xc  user_app_ethernet.o [1]
  .rodata            const     0x802'a07c       0xc  user_app_ethernet.o [1]
  .rodata            const     0x802'a088       0xc  user_app_ethernet.o [1]
  .rodata            const     0x802'a094       0xc  user_app_ethernet.o [1]
  .rodata            const     0x802'a0a0       0xc  user_app_mem.o [1]
  .rodata            const     0x802'a0ac       0xc  user_app_mem.o [1]
  .rodata            const     0x802'a0b8       0xc  user_app_sim.o [1]
  .rodata            const     0x802'a0c4       0xc  user_app_sim.o [1]
  .rodata            const     0x802'a0d0       0xc  user_app_sim.o [1]
  .rodata            const     0x802'a0dc       0xc  user_at_serial.o [1]
  .rodata            const     0x802'a0e8       0xc  user_at_serial.o [1]
  .rodata            const     0x802'a0f4       0xc  user_at_serial.o [1]
  .rodata            const     0x802'a100       0xc  user_at_serial.o [1]
  .rodata            const     0x802'a10c       0xc  user_at_serial.o [1]
  .rodata            const     0x802'a118       0xc  user_at_serial.o [1]
  .rodata            const     0x802'a124       0xc  user_at_serial.o [1]
  .rodata            const     0x802'a130       0xc  user_at_serial.o [1]
  .rodata            const     0x802'a13c       0xc  user_at_serial.o [1]
  .rodata            const     0x802'a148       0xc  user_at_serial.o [1]
  .rodata            const     0x802'a154       0xc  user_at_serial.o [1]
  .rodata            const     0x802'a160       0xc  user_at_serial.o [1]
  .rodata            const     0x802'a16c       0xc  user_at_serial.o [1]
  .rodata            const     0x802'a178       0xc  user_at_serial.o [1]
  .rodata            const     0x802'a184       0xc  user_at_serial.o [1]
  .rodata            const     0x802'a190       0xc  user_at_serial.o [1]
  .rodata            const     0x802'a19c       0xc  user_at_serial.o [1]
  .rodata            const     0x802'a1a8       0xc  user_at_serial.o [1]
  .rodata            const     0x802'a1b4       0xc  user_at_serial.o [1]
  .rodata            const     0x802'a1c0       0xc  user_at_serial.o [1]
  .rodata            const     0x802'a1cc       0xc  user_at_serial.o [1]
  .rodata            const     0x802'a1d8       0xc  user_at_serial.o [1]
  .rodata            const     0x802'a1e4       0xc  user_at_serial.o [1]
  .rodata            const     0x802'a1f0       0xc  user_at_serial.o [1]
  .rodata            const     0x802'a1fc       0xc  user_ec200u.o [1]
  .rodata            const     0x802'a208       0xc  user_ec200u.o [1]
  .rodata            const     0x802'a214       0xc  user_ec200u.o [1]
  .rodata            const     0x802'a220       0xc  user_ec200u.o [1]
  .rodata            const     0x802'a22c       0xc  user_ec200u.o [1]
  .rodata            const     0x802'a238       0xc  user_ec200u.o [1]
  .rodata            const     0x802'a244       0xc  user_ec200u.o [1]
  .rodata            const     0x802'a250       0xc  user_ec200u.o [1]
  .rodata            const     0x802'a25c       0xc  user_ec200u.o [1]
  .rodata            const     0x802'a268       0xc  user_ec200u.o [1]
  .rodata            const     0x802'a274       0xc  user_ec200u.o [1]
  .rodata            const     0x802'a280       0xc  user_ec200u.o [1]
  .rodata            const     0x802'a28c       0xc  user_ec200u.o [1]
  .rodata            const     0x802'a298       0xc  user_ec200u.o [1]
  .rodata            const     0x802'a2a4       0xc  user_ec200u.o [1]
  .rodata            const     0x802'a2b0       0xc  user_ec200u.o [1]
  .rodata            const     0x802'a2bc       0xc  user_ec200u.o [1]
  .rodata            const     0x802'a2c8       0xc  user_ec200u.o [1]
  .rodata            const     0x802'a2d4       0xc  user_ec200u.o [1]
  .rodata            const     0x802'a2e0       0xc  user_ec200u.o [1]
  .rodata            const     0x802'a2ec       0xc  user_ec200u.o [1]
  .rodata            const     0x802'a2f8       0xc  user_ec200u.o [1]
  .rodata            const     0x802'a304       0xc  user_ec200u.o [1]
  .rodata            const     0x802'a310       0xc  user_ec200u.o [1]
  .rodata            const     0x802'a31c       0xc  user_ec200u.o [1]
  .rodata            const     0x802'a328       0xc  user_ec200u.o [1]
  .rodata            const     0x802'a334       0xc  user_ec200u.o [1]
  .rodata            const     0x802'a340       0xc  user_ec200u.o [1]
  .rodata            const     0x802'a34c       0xc  user_ec200u.o [1]
  .rodata            const     0x802'a358       0xc  user_ec200u.o [1]
  .rodata            const     0x802'a364       0xc  user_ec200u.o [1]
  .rodata            const     0x802'a370       0xc  user_ec200u.o [1]
  .rodata            const     0x802'a37c       0xc  user_ec200u.o [1]
  .rodata            const     0x802'a388       0xc  user_ec200u.o [1]
  .rodata            const     0x802'a394       0xc  user_ec200u.o [1]
  .rodata            const     0x802'a3a0       0xc  user_ec200u.o [1]
  .rodata            const     0x802'a3ac       0xc  user_ec200u.o [1]
  .rodata            const     0x802'a3b8       0xc  user_ec200u.o [1]
  .rodata            const     0x802'a3c4       0xc  user_mqtt.o [1]
  .rodata            const     0x802'a3d0       0xc  user_rtc.o [1]
  .rodata            const     0x802'a3dc       0xc  user_rtc.o [1]
  .rodata            const     0x802'a3e8       0xc  user_sim_common.o [1]
  .rodata            const     0x802'a3f4       0xc  user_sim_common.o [1]
  .rodata            const     0x802'a400       0xc  user_sim_common.o [1]
  .text              ro code   0x802'a40c       0xc  cstartup_M.o [4]
  .rodata            const     0x802'a418       0x8  lcd_display.o [1]
  .rodata            const     0x802'a420       0x8  lcd_display.o [1]
  .rodata            const     0x802'a428       0x8  lcd_display.o [1]
  .rodata            const     0x802'a430       0x8  lcd_display.o [1]
  .rodata            const     0x802'a438       0x8  lcd_display.o [1]
  .rodata            const     0x802'a440       0x8  lcd_display.o [1]
  .rodata            const     0x802'a448       0x8  lcd_display.o [1]
  .rodata            const     0x802'a450       0x8  lcd_display.o [1]
  .rodata            const     0x802'a458       0x8  lcd_display.o [1]
  .rodata            const     0x802'a460       0x8  lcd_display.o [1]
  .rodata            const     0x802'a468       0x8  lcd_display.o [1]
  .rodata            const     0x802'a470       0x8  lcd_display.o [1]
  .rodata            const     0x802'a478       0x8  lcd_display.o [1]
  .rodata            const     0x802'a480       0x8  lcd_display.o [1]
  .rodata            const     0x802'a488       0x8  lcd_display.o [1]
  .rodata            const     0x802'a490       0x8  lcd_display.o [1]
  .rodata            const     0x802'a498       0x8  lcd_display.o [1]
  .rodata            const     0x802'a4a0       0x8  lcd_display.o [1]
  .rodata            const     0x802'a4a8       0x8  lcd_display.o [1]
  .rodata            const     0x802'a4b0       0x8  lcd_display.o [1]
  .rodata            const     0x802'a4b8       0x8  lcd_display.o [1]
  .rodata            const     0x802'a4c0       0x8  lcd_display.o [1]
  .rodata            const     0x802'a4c8       0x8  lcd_display.o [1]
  .rodata            const     0x802'a4d0       0x8  lcd_display.o [1]
  .rodata            const     0x802'a4d8       0x8  lcd_display.o [1]
  .rodata            const     0x802'a4e0       0x8  lcd_display.o [1]
  .rodata            const     0x802'a4e8       0x8  lcd_display.o [1]
  .rodata            const     0x802'a4f0       0x8  lcd_display.o [1]
  .rodata            const     0x802'a4f8       0x8  lcd_display.o [1]
  .rodata            const     0x802'a500       0x8  lcd_display.o [1]
  .rodata            const     0x802'a508       0x8  lcd_display.o [1]
  .rodata            const     0x802'a510       0x8  lcd_display.o [1]
  .rodata            const     0x802'a518       0x8  lcd_display.o [1]
  .rodata            const     0x802'a520       0x8  lcd_display.o [1]
  .rodata            const     0x802'a528       0x8  lcd_display.o [1]
  .rodata            const     0x802'a530       0x8  lcd_display.o [1]
  .rodata            const     0x802'a538       0x8  lcd_display.o [1]
  .rodata            const     0x802'a540       0x8  lcd_display.o [1]
  .rodata            const     0x802'a548       0x8  MQTTConnectClient.o [1]
  .rodata            const     0x802'a550       0x8  system_stm32l4xx.o [1]
  .rodata            const     0x802'a558       0x8  user_app_ethernet.o [1]
  .rodata            const     0x802'a560       0x8  user_app_ethernet.o [1]
  .rodata            const     0x802'a568       0x8  user_app_ethernet.o [1]
  .rodata            const     0x802'a570       0x8  user_app_ethernet.o [1]
  .rodata            const     0x802'a578       0x8  user_app_ethernet.o [1]
  .rodata            const     0x802'a580       0x8  user_app_ethernet.o [1]
  .rodata            const     0x802'a588       0x8  user_app_ethernet.o [1]
  .rodata            const     0x802'a590       0x8  user_app_ethernet.o [1]
  .rodata            const     0x802'a598       0x8  user_app_mem.o [1]
  .rodata            const     0x802'a5a0       0x8  user_app_mem.o [1]
  .rodata            const     0x802'a5a8       0x8  user_app_wm.o [1]
  .rodata            const     0x802'a5b0       0x8  user_app_wm.o [1]
  .rodata            const     0x802'a5b8       0x8  user_app_wm.o [1]
  .rodata            const     0x802'a5c0       0x8  user_app_wm.o [1]
  .rodata            const     0x802'a5c8       0x8  user_app_wm.o [1]
  .rodata            const     0x802'a5d0       0x8  user_at_serial.o [1]
  .rodata            const     0x802'a5d8       0x8  user_at_serial.o [1]
  .rodata            const     0x802'a5e0       0x8  user_at_serial.o [1]
  .rodata            const     0x802'a5e8       0x8  user_at_serial.o [1]
  .rodata            const     0x802'a5f0       0x8  user_ec200u.o [1]
  .rodata            const     0x802'a5f8       0x8  user_ec200u.o [1]
  .rodata            const     0x802'a600       0x8  user_ec200u.o [1]
  .rodata            const     0x802'a608       0x8  user_ec200u.o [1]
  .rodata            const     0x802'a610       0x8  user_ec200u.o [1]
  .rodata            const     0x802'a618       0x8  user_ec200u.o [1]
  .rodata            const     0x802'a620       0x8  user_ec200u.o [1]
  .rodata            const     0x802'a628       0x8  user_ec200u.o [1]
  .rodata            const     0x802'a630       0x8  user_ec200u.o [1]
  .rodata            const     0x802'a638       0x8  user_ec200u.o [1]
  .rodata            const     0x802'a640       0x8  user_ec200u.o [1]
  .rodata            const     0x802'a648       0x8  user_ec200u.o [1]
  .rodata            const     0x802'a650       0x8  user_ec200u.o [1]
  .rodata            const     0x802'a658       0x8  user_ec200u.o [1]
  .rodata            const     0x802'a660       0x8  user_ec200u.o [1]
  .rodata            const     0x802'a668       0x8  user_ec200u.o [1]
  .rodata            const     0x802'a670       0x8  user_ec200u.o [1]
  .rodata            const     0x802'a678       0x8  user_ec200u.o [1]
  .rodata            const     0x802'a680       0x8  user_ec200u.o [1]
  .rodata            const     0x802'a688       0x8  user_ec200u.o [1]
  .rodata            const     0x802'a690       0x8  user_ec200u.o [1]
  .rodata            const     0x802'a698       0x8  user_ec200u.o [1]
  .rodata            const     0x802'a6a0       0x8  user_ec200u.o [1]
  .rodata            const     0x802'a6a8       0x8  user_ec200u.o [1]
  .rodata            const     0x802'a6b0       0x8  user_ec200u.o [1]
  .rodata            const     0x802'a6b8       0x8  user_ec200u.o [1]
  .rodata            const     0x802'a6c0       0x8  user_ec200u.o [1]
  .rodata            const     0x802'a6c8       0x8  user_ec200u.o [1]
  .rodata            const     0x802'a6d0       0x8  user_ec200u.o [1]
  .rodata            const     0x802'a6d8       0x8  user_ec200u.o [1]
  .rodata            const     0x802'a6e0       0x8  user_modem.o [1]
  .rodata            const     0x802'a6e8       0x8  user_modem.o [1]
  .rodata            const     0x802'a6f0       0x8  user_modem.o [1]
  .rodata            const     0x802'a6f8       0x8  user_modem.o [1]
  .rodata            const     0x802'a700       0x8  user_modem.o [1]
  .rodata            const     0x802'a708       0x8  user_modem.o [1]
  .rodata            const     0x802'a710       0x8  user_modem.o [1]
  .rodata            const     0x802'a718       0x8  user_modem.o [1]
  .rodata            const     0x802'a720       0x8  user_modem.o [1]
  .rodata            const     0x802'a728       0x8  user_modem.o [1]
  .rodata            const     0x802'a730       0x8  user_modem.o [1]
  .rodata            const     0x802'a738       0x8  user_modem.o [1]
  .rodata            const     0x802'a740       0x8  user_modem.o [1]
  .rodata            const     0x802'a748       0x8  user_modem.o [1]
  .rodata            const     0x802'a750       0x8  user_modem.o [1]
  .rodata            const     0x802'a758       0x8  user_modem.o [1]
  .rodata            const     0x802'a760       0x8  user_modem.o [1]
  .rodata            const     0x802'a768       0x8  user_modem.o [1]
  .rodata            const     0x802'a770       0x8  user_modem.o [1]
  .rodata            const     0x802'a778       0x8  user_modem.o [1]
  .rodata            const     0x802'a780       0x8  user_modem.o [1]
  .rodata            const     0x802'a788       0x8  user_modem.o [1]
  .rodata            const     0x802'a790       0x8  user_modem.o [1]
  .rodata            const     0x802'a798       0x8  user_modem.o [1]
  .rodata            const     0x802'a7a0       0x8  user_modem.o [1]
  .rodata            const     0x802'a7a8       0x8  user_modem.o [1]
  .rodata            const     0x802'a7b0       0x8  user_modem.o [1]
  .rodata            const     0x802'a7b8       0x8  user_modem.o [1]
  .rodata            const     0x802'a7c0       0x8  user_modem.o [1]
  .rodata            const     0x802'a7c8       0x8  user_modem.o [1]
  .rodata            const     0x802'a7d0       0x8  user_modem.o [1]
  .rodata            const     0x802'a7d8       0x8  user_mqtt.o [1]
  .rodata            const     0x802'a7e0       0x8  user_mqtt.o [1]
  .rodata            const     0x802'a7e8       0x8  user_mqtt.o [1]
  .rodata            const     0x802'a7f0       0x8  user_mqtt.o [1]
  .rodata            const     0x802'a7f8       0x8  user_mqtt.o [1]
  .rodata            const     0x802'a800       0x8  user_mqtt.o [1]
  .rodata            const     0x802'a808       0x8  user_mqtt.o [1]
  .rodata            const     0x802'a810       0x8  user_mqtt.o [1]
  .rodata            const     0x802'a818       0x8  user_mqtt.o [1]
  .rodata            const     0x802'a820       0x8  user_mqtt.o [1]
  .rodata            const     0x802'a828       0x8  user_mqtt.o [1]
  .rodata            const     0x802'a830       0x8  user_mqtt.o [1]
  .rodata            const     0x802'a838       0x8  user_mqtt.o [1]
  .rodata            const     0x802'a840       0x8  user_mqtt.o [1]
  .rodata            const     0x802'a848       0x8  user_mqtt.o [1]
  .rodata            const     0x802'a850       0x8  user_mqtt.o [1]
  .rodata            const     0x802'a858       0x8  user_mqtt.o [1]
  .rodata            const     0x802'a860       0x8  user_mqtt.o [1]
  .rodata            const     0x802'a868       0x8  user_mqtt.o [1]
  .rodata            const     0x802'a870       0x8  user_mqtt.o [1]
  .rodata            const     0x802'a878       0x8  user_mqtt.o [1]
  .rodata            const     0x802'a880       0x8  user_mqtt.o [1]
  .rodata            const     0x802'a888       0x8  user_mqtt.o [1]
  .rodata            const     0x802'a890       0x8  user_mqtt.o [1]
  .rodata            const     0x802'a898       0x8  user_mqtt.o [1]
  .rodata            const     0x802'a8a0       0x8  user_mqtt.o [1]
  .rodata            const     0x802'a8a8       0x8  user_mqtt.o [1]
  .rodata            const     0x802'a8b0       0x8  user_mqtt.o [1]
  .rodata            const     0x802'a8b8       0x8  user_mqtt.o [1]
  .rodata            const     0x802'a8c0       0x8  user_mqtt.o [1]
  .rodata            const     0x802'a8c8       0x8  user_mqtt.o [1]
  .rodata            const     0x802'a8d0       0x8  user_mqtt.o [1]
  .rodata            const     0x802'a8d8       0x8  user_mqtt.o [1]
  .rodata            const     0x802'a8e0       0x8  user_mqtt.o [1]
  .rodata            const     0x802'a8e8       0x8  user_mqtt.o [1]
  .rodata            const     0x802'a8f0       0x8  user_mqtt.o [1]
  .rodata            const     0x802'a8f8       0x8  user_mqtt.o [1]
  .rodata            const     0x802'a900       0x8  user_mqtt.o [1]
  .rodata            const     0x802'a908       0x8  user_mqtt.o [1]
  .rodata            const     0x802'a910       0x8  user_mqtt.o [1]
  .rodata            const     0x802'a918       0x8  user_mqtt.o [1]
  .rodata            const     0x802'a920       0x8  user_mqtt.o [1]
  .rodata            const     0x802'a928       0x8  user_mqtt.o [1]
  .rodata            const     0x802'a930       0x8  user_mqtt.o [1]
  .rodata            const     0x802'a938       0x8  user_mqtt.o [1]
  .rodata            const     0x802'a940       0x8  user_mqtt.o [1]
  .rodata            const     0x802'a948       0x8  user_mqtt.o [1]
  .rodata            const     0x802'a950       0x8  user_mqtt.o [1]
  .rodata            const     0x802'a958       0x8  user_mqtt.o [1]
  .rodata            const     0x802'a960       0x8  user_mqtt.o [1]
  .rodata            const     0x802'a968       0x8  user_mqtt.o [1]
  .rodata            const     0x802'a970       0x8  user_mqtt.o [1]
  .rodata            const     0x802'a978       0x8  user_mqtt.o [1]
  .rodata            const     0x802'a980       0x8  user_mqtt.o [1]
  .rodata            const     0x802'a988       0x8  user_mqtt.o [1]
  .rodata            const     0x802'a990       0x8  user_rs485.o [1]
  .rodata            const     0x802'a998       0x8  user_rs485.o [1]
  .rodata            const     0x802'a9a0       0x8  user_sim_common.o [1]
  .rodata            const     0x802'a9a8       0x8  user_sim_common.o [1]
  .rodata            const     0x802'a9b0       0x8  user_sim_common.o [1]
  .rodata            const     0x802'a9b8       0x8  user_tiny_vsnprintf.o [1]
  .rodata            const     0x802'a9c0       0x8  user_util.o [1]
  .rodata            const     0x802'a9c8       0x8  user_util.o [1]
  .rodata            const     0x802'a9d0       0x8  user_util.o [1]
  .rodata            const     0x802'a9d8       0x8  user_wm_digital.o [1]
  .rodata            const     0x802'a9e0       0x8  user_wm_digital.o [1]
  .rodata            const     0x802'a9e8       0x8  user_wm_digital.o [1]
  .rodata            const     0x802'a9f0       0x8  wm_mt100.o [1]
  .rodata            const     0x802'a9f8       0x8  wm_mt100.o [1]
  .rodata            const     0x802'aa00       0x8  wm_mt100.o [1]
  .rodata            const     0x802'aa08       0x8  wm_mt100.o [1]
  .rodata            const     0x802'aa10       0x8  wm_mt100.o [1]
  .rodata            const     0x802'aa18       0x8  wm_mt100.o [1]
  .rodata            const     0x802'aa20       0x8  wm_mt100.o [1]
  .rodata            const     0x802'aa28       0x8  wm_mt100.o [1]
  .rodata            const     0x802'aa30       0x8  xprintffull_nomb.o [2]
  .rodata            const     0x802'aa38       0x4  lcd_display.o [1]
  .rodata            const     0x802'aa3c       0x4  MQTTConnectClient.o [1]
  .rodata            const     0x802'aa40       0x4  MQTTConnectClient.o [1]
  .rodata            const     0x802'aa44       0x4  MQTTSerializePublish.o [1]
  .rodata            const     0x802'aa48       0x4  MQTTSubscribeClient.o [1]
  .rodata            const     0x802'aa4c       0x4  user_app_ethernet.o [1]
  .rodata            const     0x802'aa50       0x4  user_app_ethernet.o [1]
  .rodata            const     0x802'aa54       0x4  user_app_ethernet.o [1]
  .rodata            const     0x802'aa58       0x4  user_app_ethernet.o [1]
  .rodata            const     0x802'aa5c       0x4  user_app_ethernet.o [1]
  .rodata            const     0x802'aa60       0x4  user_app_ethernet.o [1]
  .rodata            const     0x802'aa64       0x4  user_app_ethernet.o [1]
  .rodata            const     0x802'aa68       0x4  user_app_ethernet.o [1]
  .rodata            const     0x802'aa6c       0x4  user_app_ethernet.o [1]
  .rodata            const     0x802'aa70       0x4  user_app_ethernet.o [1]
  .rodata            const     0x802'aa74       0x4  user_ec200u.o [1]
  .rodata            const     0x802'aa78       0x4  user_ec200u.o [1]
  .rodata            const     0x802'aa7c       0x4  user_ec200u.o [1]
  .rodata            const     0x802'aa80       0x4  user_ec200u.o [1]
  .rodata            const     0x802'aa84       0x4  user_ec200u.o [1]
  .rodata            const     0x802'aa88       0x4  user_ec200u.o [1]
  .rodata            const     0x802'aa8c       0x4  user_mqtt.o [1]
  .rodata            const     0x802'aa90       0x4  user_sim_common.o [1]
  .text              ro code   0x802'aa94       0x4  startup_stm32l496xx.o [1]
  .text              ro code   0x802'aa98       0x4  startup_stm32l496xx.o [1]
  .text              ro code   0x802'aa9c       0x4  startup_stm32l496xx.o [1]
  .text              ro code   0x802'aaa0       0x4  startup_stm32l496xx.o [1]
  .text              ro code   0x802'aaa4       0x4  startup_stm32l496xx.o [1]
  .text              ro code   0x802'aaa8       0x4  startup_stm32l496xx.o [1]
  .text              ro code   0x802'aaac       0x4  startup_stm32l496xx.o [1]
  .text              ro code   0x802'aab0       0x4  startup_stm32l496xx.o [1]
  .text              ro code   0x802'aab4       0x4  startup_stm32l496xx.o [1]
  .text              ro code   0x802'aab8       0x4  startup_stm32l496xx.o [1]
  .text              ro code   0x802'aabc       0x4  startup_stm32l496xx.o [1]
  .text              ro code   0x802'aac0       0x4  startup_stm32l496xx.o [1]
  .text              ro code   0x802'aac4       0x4  startup_stm32l496xx.o [1]
  .text              ro code   0x802'aac8       0x4  startup_stm32l496xx.o [1]
  .text              ro code   0x802'aacc       0x4  startup_stm32l496xx.o [1]
  .text              ro code   0x802'aad0       0x4  startup_stm32l496xx.o [1]
  .text              ro code   0x802'aad4       0x4  startup_stm32l496xx.o [1]
  .text              ro code   0x802'aad8       0x4  startup_stm32l496xx.o [1]
  .text              ro code   0x802'aadc       0x4  startup_stm32l496xx.o [1]
  .text              ro code   0x802'aae0       0x4  startup_stm32l496xx.o [1]
  .text              ro code   0x802'aae4       0x4  startup_stm32l496xx.o [1]
  .text              ro code   0x802'aae8       0x4  startup_stm32l496xx.o [1]
  .text              ro code   0x802'aaec       0x4  startup_stm32l496xx.o [1]
  .text              ro code   0x802'aaf0       0x4  startup_stm32l496xx.o [1]
  .text              ro code   0x802'aaf4       0x4  startup_stm32l496xx.o [1]
  .text              ro code   0x802'aaf8       0x4  startup_stm32l496xx.o [1]
  .text              ro code   0x802'aafc       0x4  startup_stm32l496xx.o [1]
[...]
fevent_sim_at_send_handler
                         0x801'9ba7    0xee  Code  Lc  user_sim.o [1]
fevent_sim_at_send_ok_handler
                         0x801'9c95    0xdc  Code  Lc  user_sim.o [1]
fevent_sim_at_send_ok_handler::cAttach_u8
                        0x2000'8961     0x1  Data  Lc  user_sim.o [1]
fevent_sim_at_send_timeout_handler
                         0x801'9d71    0xf2  Code  Lc  user_sim.o [1]
fevent_sim_uart_receive_handler
                         0x801'9e63    0x52  Code  Lc  user_sim.o [1]
fevent_sim_uart_receive_handler::LastLengthRecv
                        0x2000'892a     0x2  Data  Lc  user_sim.o [1]
fevent_sim_uart_receive_handler::MarkFirst
                        0x2000'8962     0x1  Data  Lc  user_sim.o [1]
font_current            0x2000'87c0     0xc  Data  Gb  text.o [1]
free                     0x801'0955     0x4  Code  Gb  heaptramp0.o [2]
gDATABUF                0x2000'36d8   0x800  Data  Gb  user_app_ethernet.o [1]
gWIZNETINFO             0x2000'0cf4    0x18  Data  Gb  user_app_ethernet.o [1]
get16                    0x801'5cad    0x10  Code  Gb  dns.o [1]
getDNSfromDHCP           0x801'5c31    0x14  Code  Gb  dhcp.o [1]
getGWfromDHCP            0x801'5c09    0x14  Code  Gb  dhcp.o [1]
getIPfromDHCP            0x801'5bf5    0x14  Code  Gb  dhcp.o [1]
getSNfromDHCP            0x801'5c1d    0x14  Code  Gb  dhcp.o [1]
getSn_RX_RSR             0x801'1cb7    0x82  Code  Gb  w5500.o [1]
getSn_TX_FSR             0x801'1c35    0x82  Code  Gb  w5500.o [1]
glcd_ST7565R_init        0x802'37c5    0x34  Code  Gb  ST7565R.o [1]
glcd_bbox               0x2000'8878     0x4  Data  Gb  glcd.o [1]
glcd_bbox_refresh        0x802'3055    0x1c  Code  Gb  glcd.o [1]
glcd_bbox_selected      0x2000'8880     0x4  Data  Gb  glcd.o [1]
glcd_buffer             0x2000'54e8   0x400  Data  Gb  glcd.o [1]
glcd_buffer_selected    0x2000'887c     0x4  Data  Gb  glcd.o [1]
glcd_clear_buffer        0x802'3071    0x20  Code  Gb  glcd.o [1]
glcd_command             0x802'36a9    0x1a  Code  Gb  ST7565R.o [1]
glcd_data                0x802'36c3    0x1a  Code  Gb  ST7565R.o [1]
glcd_draw_bitmap         0x802'3687    0x18  Code  Gb  graphics.o [1]
glcd_draw_char_xy        0x802'30bf   0x322  Code  Gb  text.o [1]
glcd_draw_line           0x802'34d1   0x106  Code  Gb  graphics.o [1]
glcd_draw_rect           0x802'35d7    0xb0  Code  Gb  graphics.o [1]
glcd_draw_string_xy      0x802'33e1    0x36  Code  Gb  text.o [1]
glcd_enable_backlight    0x802'2cbf     0x2  Code  Gb  STM32L4.o [1]
glcd_init                0x802'2c99    0x26  Code  Gb  STM32L4.o [1]
glcd_reset               0x802'2cef    0x3c  Code  Gb  STM32L4.o [1]
glcd_reset_bbox          0x802'3039    0x1c  Code  Gb  glcd.o [1]
glcd_select_screen       0x802'3091     0xa  Code  Gb  glcd.o [1]
glcd_set_column_lower    0x802'373b     0xc  Code  Gb  ST7565R.o [1]
glcd_set_column_upper    0x802'3729    0x12  Code  Gb  ST7565R.o [1]
glcd_set_contrast        0x802'36dd    0x24  Code  Gb  ST7565R.o [1]
glcd_set_font            0x802'30a5    0x1a  Code  Gb  text.o [1]
glcd_set_pixel           0x802'341d    0xb4  Code  Gb  graphics.o [1]
glcd_set_x_address       0x802'3713    0x16  Code  Gb  ST7565R.o [1]
glcd_set_y_address       0x802'3701    0x12  Code  Gb  ST7565R.o [1]
glcd_spi_write           0x802'2cc1    0x2e  Code  Gb  STM32L4.o [1]
glcd_test_bitmap_128x64
                         0x802'2fb5     0xe  Code  Gb  unit_tests.o [1]
glcd_tiny_draw_char      0x802'2d5f   0x1fa  Code  Gb  text_tiny.o [1]
glcd_tiny_draw_string    0x802'2f59    0x52  Code  Gb  text_tiny.o [1]
glcd_tiny_set_font       0x802'2d45    0x1a  Code  Gb  text_tiny.o [1]
glcd_update_bbox         0x802'2fc9    0x70  Code  Gb  glcd.o [1]
glcd_write               0x802'3747    0x70  Code  Gb  ST7565R.o [1]
hadc1                   0x2000'7db8    0x68  Data  Gb  adc.o [1]
hdma_lpuart_rx          0x2000'8164    0x48  Data  Gb  usart.o [1]
hdma_uart5_rx           0x2000'81ac    0x48  Data  Gb  usart.o [1]
hdma_usart1_rx          0x2000'81f4    0x48  Data  Gb  usart.o [1]
hdma_usart3_rx          0x2000'823c    0x48  Data  Gb  usart.o [1]
hi2c1                   0x2000'8078    0x54  Data  Gb  i2c.o [1]
hlptim1                 0x2000'8308    0x38  Data  Gb  lptim.o [1]
hlptim2                 0x2000'8340    0x38  Data  Gb  lptim.o [1]
hlpuart1                0x2000'7a98    0x88  Data  Gb  usart.o [1]
hrtc                    0x2000'84c4    0x24  Data  Gb  rtc.o [1]
hspi2                   0x2000'7e20    0x64  Data  Gb  spi.o [1]
hspi3                   0x2000'7e84    0x64  Data  Gb  spi.o [1]
htim1                   0x2000'80cc    0x4c  Data  Gb  tim.o [1]
htim2                   0x2000'8118    0x4c  Data  Gb  tim.o [1]
huart1                  0x2000'7ba8    0x88  Data  Gb  usart.o [1]
huart3                  0x2000'7c30    0x88  Data  Gb  usart.o [1]
huart5                  0x2000'7b20    0x88  Data  Gb  usart.o [1]
init_mparams             0x800'f493    0x2c  Code  Lc  dlmalloc.o [2]
init_top                 0x800'f4bf    0x34  Code  Lc  dlmalloc.o [2]
isalpha                  0x802'6053    0x14  Code  Gb  isalpha.o [2]
isspace                  0x802'0f59    0x14  Code  Gb  isspace.o [2]
ldexp                    0x802'2251          Code  Gb  ldexp.o [3]
ldexpl                   0x802'2251          Code  Gb  ldexp.o [3]
lnbias                   0x802'6d50   0x420  Data  Lc  pow64.o [3]
localeconv               0x802'23f5     0x4  Code  Gb  xlocale_c.o [2]
lower_digits            0x2000'1eec     0x4  Data  Lc  user_tiny_vsnprintf.o [1]
mConnect_MQTT            0x801'7a6b    0x3e  Code  Gb  user_mqtt.o [1]
mData_MQTT               0x801'700f    0x76  Code  Gb  user_mqtt.o [1]
mGet_Data_From_Mem       0x801'7ac5    0x58  Code  Gb  user_mqtt.o [1]
mInit_Header_Subcribe    0x801'7991    0xda  Code  Gb  user_mqtt.o [1]
mPayload_Load_MesErr     0x801'76df    0x2c  Code  Gb  user_mqtt.o [1]
mSet_default_MQTT        0x801'6f75    0x18  Code  Gb  user_mqtt.o [1]
mSubcribe_MQTT           0x801'7aa9    0x1c  Code  Gb  user_mqtt.o [1]
mUnmark_Mess             0x801'7b1d    0x16  Code  Gb  user_mqtt.o [1]
mUnmark_Mess_Share_Buff
                         0x801'7be5    0x22  Code  Gb  user_mqtt.o [1]
main                     0x801'ca31    0x48  Code  Gb  main.o [1]
makeDHCPMSG              0x801'4c67   0x15a  Code  Gb  dhcp.o [1]
memchr                   0x802'0f81          Code  Gb  memchr.o [4]
memset                   0x802'173d    0x14  Code  Gb  memset.o [4]
mparams                 0x2000'871c    0x18  Data  Lc  dlmalloc.o [2]
ndigs                    0x802'8124    0x28  Data  Lc  iar_Stoulx.o [2]
pDHCPMSG                0x2000'886c     0x4  Data  Gb  dhcp.o [1]
pDNSMSG                 0x2000'8870     0x4  Data  Gb  dns.o [1]
pFlash                  0x2000'0c50    0x20  Data  Gb  stm32l4xx_hal_flash.o [1]
pFunc_UTIL_Debug_Send   0x2000'88f8     0x4  Data  Gb  user_util.o [1]
pFunc_UTIL_Log_To_Mem   0x2000'88f4     0x4  Data  Gb  user_util.o [1]
pH_Water                0x2000'88c8     0x4  Data  Gb  user_app_wm.o [1]
pModemProcessIRQTimer   0x2000'88e8     0x4  Data  Gb  user_rtc.o [1]
parseDHCPMSG             0x801'5617   0x22e  Code  Gb  dhcp.o [1]
parseDNSMSG              0x801'5e9b    0xf8  Code  Gb  dns.o [1]
parse_name               0x801'5ccd    0xa4  Code  Gb  dns.o [1]
pow                      0x802'086d   0x6ec  Code  Gb  pow64.o [3]
powl                     0x802'086d   0x6ec  Code  Gb  pow64.o [3]
pows                     0x802'81a8    0x48  Data  Lc  strto64.o [3]
pportc                   0x800'a7ad    0xcc  Code  Gb  user_app_ethernet.o [1]
put16                    0x801'5cbd    0x10  Code  Gb  dns.o [1]
qCopy_Data_From_Queue    0x801'624b    0x48  Code  Lc  queue_p.o [1]
qCopy_Data_To_Queue      0x801'61ed    0x5e  Code  Lc  queue_p.o [1]
qEthStep                0x2000'856c    0x18  Data  Gb  user_app_ethernet.o [1]
qGet_Number_Items        0x801'6293     0x4  Code  Gb  queue_p.o [1]
qMemRead                0x2000'859c    0x18  Data  Gb  user_app_mem.o [1]
qMemWrite               0x2000'85b4    0x18  Data  Gb  user_app_mem.o [1]
qQueue_Back_Item         0x801'6297    0x50  Code  Gb  queue_p.o [1]
qQueue_Clear             0x801'61ab     0xe  Code  Gb  queue_p.o [1]
qQueue_Create            0x801'617d    0x2e  Code  Gb  queue_p.o [1]
qQueue_Receive           0x801'61d7    0x16  Code  Gb  queue_p.o [1]
qQueue_Send              0x801'61b9    0x1e  Code  Gb  queue_p.o [1]
qSimStep                0x2000'86bc    0x18  Data  Gb  user_sim.o [1]
recv                     0x801'67a5   0x156  Code  Gb  socket.o [1]
recvfrom                 0x801'6b1d   0x34e  Code  Gb  socket.o [1]
reg_dhcp_cbfunc          0x801'4c2b    0x3c  Code  Gb  dhcp.o [1]
reg_wizchip_cs_cbfunc    0x801'86a7    0x28  Code  Gb  wizchip_conf.o [1]
reg_wizchip_spi_cbfunc   0x801'86cf    0x2a  Code  Gb  wizchip_conf.o [1]
reset_DHCP_timeout       0x801'5bc9    0x14  Code  Gb  dhcp.o [1]
retry_count             0x2000'8935     0x1  Data  Lc  dns.o [1]
sAppEthVar              0x2000'0dfc    0x90  Data  Gb  user_app_ethernet.o [1]
sAppMem                 0x2000'8414    0x30  Data  Gb  user_app_mem.o [1]
sAppSimCallback         0x2000'11cc    0x20  Data  Gb  user_app_sim.o [1]
sAppSimInfor            0x2000'126c    0x20  Data  Gb  user_app_sim.o [1]
sAppSimVar              0x2000'0000   0x2c8  Data  Gb  user_app_sim.o [1]
sBattery                0x2000'882c     0x8  Data  Gb  user_app_wm.o [1]
sButton                 0x2000'8524    0x18  Data  Gb  button.o [1]
sCAT24Var               0x2000'63a0   0x238  Data  Gb  cat24mxx.o [1]
sCbSimComm              0x2000'84e8    0x20  Data  Gb  user_sim_common.o [1]
sConfirm                0x2000'02d4    0x14  Data  Lc  button.o [1]
sDataSensorMeasure      0x2000'87d8     0xc  Data  Gb  user_app_wm.o [1]
sEthCmd                 0x2000'0ea8    0xe0  Data  Gb  user_app_ethernet.o [1]
sEthResCode             0x2000'0f88    0x30  Data  Gb  user_app_ethernet.o [1]
sEventAppComm           0x2000'0c74    0x70  Data  Gb  user_app_comm.o [1]
sEventAppEth            0x2000'0d0c    0xf0  Data  Gb  user_app_ethernet.o [1]
sEventAppMem            0x2000'1068    0x90  Data  Gb  user_app_mem.o [1]
sEventAppSim            0x2000'111c    0xb0  Data  Gb  user_app_sim.o [1]
sEventAppWM             0x2000'128c    0xd0  Data  Gb  user_app_wm.o [1]
sEventCAT24             0x2000'02e8    0x20  Data  Gb  cat24mxx.o [1]
sEventDisplay           0x2000'0324    0x60  Data  Gb  lcd_display.o [1]
sEventOnChipFlash       0x2000'189c    0x20  Data  Gb  user_internal_mem.o [1]
sEventSim               0x2000'1dd4    0x40  Data  Gb  user_sim.o [1]
sFROM_Manager           0x2000'8840     0x4  Data  Gb  cat24mxx.o [1]
sFTPvar                 0x2000'8584    0x18  Data  Gb  user_app_ethernet.o [1]
sFileSys                0x2000'1e90    0x44  Data  Gb  user_sim_common.o [1]
sFirmVersion            0x2000'0ce4     0x8  Data  Gb  user_app_comm.o [1]
sLCD                    0x2000'8780    0x10  Data  Gb  lcd_display.o [1]
sLCDObject              0x2000'03d0   0x828  Data  Gb  lcd_display.o [1]
sLPMFeatureHandler      0x2000'88dc     0x4  Data  Gb  user_lpm.o [1]
sLastPackInfor          0x2000'87a0    0x10  Data  Gb  user_app_wm.o [1]
sLevelInfor             0x2000'8804     0x8  Data  Gb  level_S_YW_01B.o [1]
sLevelSupInfor          0x2000'880c     0x8  Data  Gb  level_SUP_PX261_B.o [1]
sLevelUltra             0x2000'8814     0x8  Data  Gb  level_ultrasonic.o [1]
sListWmDigital          0x2000'1ef4    0xc0  Data  Gb  user_wm_digital.o [1]
sMQTT                   0x2000'1c68   0x104  Data  Gb  user_mqtt.o [1]
sMT100                  0x2000'8704    0x18  Data  Gb  wm_mt100.o [1]
sMT100_REGISTER         0x2000'21b0    0x2c  Data  Gb  wm_mt100.o [1]
sMark_MessageRecei_Type
                         0x802'7f2c    0xb0  Data  Gb  user_mqtt.o [1]
sMark_MessageSend_Type   0x802'7784   0x1d0  Data  Gb  user_mqtt.o [1]
sMeterThreshold         0x2000'135c    0x10  Data  Gb  user_app_wm.o [1]
sModemInfor             0x2000'1b8c    0xc4  Data  Gb  user_modem.o [1]
sModemLPMHandle         0x2000'1c50    0x10  Data  Gb  user_modem.o [1]
sModemVar               0x2000'1b64    0x28  Data  Gb  user_modem.o [1]
sOnFlash                0x2000'65d8   0x238  Data  Gb  user_internal_mem.o [1]
sPressConfig            0x2000'8770    0x10  Data  Lc  button.o [1]
sPulse                  0x2000'76f0   0x108  Data  Gb  user_app_wm.o [1]
sPulseConfig            0x2000'8444    0x2c  Data  Lc  button.o [1]
sQMemRead               0x2000'79f8    0xa0  Data  Lc  user_app_mem.o [1]
sQMemWrite              0x2000'2288  0x1450  Data  Lc  user_app_mem.o [1]
sRTC                    0x2000'87f0     0xc  Data  Gb  user_util.o [1]
sRecEvent               0x2000'0fe4    0x2c  Data  Gb  user_app_mem.o [1]
sRecGPS                 0x2000'103c    0x2c  Data  Gb  user_app_mem.o [1]
sRecLog                 0x2000'1010    0x2c  Data  Gb  user_app_mem.o [1]
sRecTSVH                0x2000'0fb8    0x2c  Data  Gb  user_app_mem.o [1]
sSV_Modem                0x802'7fdc    0x78  Data  Gb  user_modem.o [1]
sSimCommInfor           0x2000'1e34    0x5c  Data  Gb  user_sim_common.o [1]
sSimCommVar             0x2000'86ec    0x18  Data  Gb  user_sim_common.o [1]
sSimFwUpdate            0x2000'82cc    0x3c  Data  Gb  user_sim_common.o [1]
sSimVar                 0x2000'875c    0x14  Data  Gb  user_sim.o [1]
sUart485                0x2000'1dc4     0x8  Data  Gb  user_rs485.o [1]
sUart485_2              0x2000'1dcc     0x8  Data  Gb  user_rs485.o [1]
sUartDebug              0x2000'0cec     0x8  Data  Gb  user_app_comm.o [1]
sUartSim                0x2000'1e14     0x8  Data  Gb  user_sim.o [1]
sVout                   0x2000'8834     0x8  Data  Gb  user_app_wm.o [1]
sWOTECK_REGISTER        0x2000'21dc    0x18  Data  Gb  woteck_wm.o [1]
sWmDigVar               0x2000'1fb4   0x1d0  Data  Gb  user_wm_digital.o [1]
sWmVar                  0x2000'136c   0x110  Data  Gb  user_app_wm.o [1]
sWoteck                 0x2000'87b0    0x10  Data  Gb  woteck_wm.o [1]
scalbln                  0x802'2251          Code  Gb  ldexp.o [3]
scalblnl                 0x802'2251          Code  Gb  ldexp.o [3]
scalbn                   0x802'2251          Code  Gb  ldexp.o [3]
scalbnl                  0x802'2251          Code  Gb  ldexp.o [3]
scale                    0x801'c6bf    0x46  Code  Lc  xprintffull_nomb.o [2]
sec_hand                0x2000'8904     0x4  Data  Lc  xfail_s.o [2]
segment_holding          0x800'f479    0x1a  Code  Lc  dlmalloc.o [2]
send                     0x801'665d   0x148  Code  Gb  socket.o [1]
send_DHCP_DECLINE        0x801'5429   0x1ee  Code  Gb  dhcp.o [1]
send_DHCP_DISCOVER       0x801'4dc1   0x2ac  Code  Gb  dhcp.o [1]
send_DHCP_REQUEST        0x801'506d   0x3bc  Code  Gb  dhcp.o [1]
sendto                   0x801'68fb   0x222  Code  Gb  socket.o [1]
sock_any_port           0x2000'2274     0x2  Data  Lc  socket.o [1]
sock_io_mode            0x2000'8912     0x2  Data  Lc  socket.o [1]
sock_is_sending         0x2000'8914     0x2  Data  Lc  socket.o [1]
sock_pack_info          0x2000'881c     0x8  Data  Gb  socket.o [1]
sock_remained_size      0x2000'8790    0x10  Data  Lc  socket.o [1]
socket                   0x801'62e9   0x184  Code  Gb  socket.o [1]
sprintf                  0x800'bc59    0x40  Code  Gb  sprintf.o [2]
strATcmd                0x2000'1c60     0x8  Data  Gb  user_modem.o [1]
strchr                   0x802'17d9          Code  Gb  strchr.o [4]
strcpy                   0x802'1751          Code  Gb  strcpy.o [4]
strcspn                  0x802'1d1f    0x22  Code  Gb  strcspn.o [2]
strlen                   0x800'eefd          Code  Gb  strlen.o [4]
strncpy                  0x802'1769          Code  Gb  strncpy.o [4]
strspn                   0x802'1cfd    0x22  Code  Gb  strspn.o [2]
strstr                   0x802'1d41    0x2c  Code  Gb  strstr.o [2]
strtok                   0x801'8d51    0x4c  Code  Gb  strtok.o [2]
sztmp                   0x2000'6a10   0x200  Data  Lc  user_adv_trace.o [1]
tiny_vsnprintf_like      0x801'140f   0x17e  Code  Gb  user_tiny_vsnprintf.o [1]
tolower                  0x802'0f6d    0x14  Code  Gb  tolower.o [2]
topicString             0x2000'87e4     0xc  Data  Gb  user_mqtt.o [1]
uartSimBuffReceive      0x2000'5038   0x4b0  Data  Gb  user_sim.o [1]
upper_digits            0x2000'1ef0     0x4  Data  Lc  user_tiny_vsnprintf.o [1]
uwTick                  0x2000'8898     0x4  Data  Gb  stm32l4xx_hal.o [1]
uwTickFreq              0x2000'2284     0x1  Data  Gb  stm32l4xx_hal.o [1]
uwTickPrio              0x2000'0c4c     0x4  Data  Gb  stm32l4xx_hal.o [1]
vcom_DeInit              0x800'd35f    0x1e  Code  Gb  user_app_comm.o [1]
vcom_Init                0x800'd357     0x8  Code  Gb  user_app_comm.o [1]
vcom_Trace_DMA           0x800'd37d    0x1c  Code  Gb  user_app_comm.o [1]
wiz_recv_data            0x801'1dcf    0x96  Code  Gb  w5500.o [1]
wiz_recv_ignore          0x801'1e65    0x6c  Code  Gb  w5500.o [1]
wiz_send_data            0x801'1d39    0x96  Code  Gb  w5500.o [1]
wizchip_bus_readdata     0x801'8699     0x4  Code  Gb  wizchip_conf.o [1]
wizchip_bus_writedata    0x801'869d     0x4  Code  Gb  wizchip_conf.o [1]
wizchip_clrinterrupt     0x801'89af    0x44  Code  Gb  wizchip_conf.o [1]
wizchip_cris_enter       0x801'8691     0x2  Code  Gb  wizchip_conf.o [1]
wizchip_cris_exit        0x801'8693     0x2  Code  Gb  wizchip_conf.o [1]
wizchip_cs_deselect      0x801'8697     0x2  Code  Gb  wizchip_conf.o [1]
wizchip_cs_select        0x801'8695     0x2  Code  Gb  wizchip_conf.o [1]
wizchip_deselect         0x800'99d5    0x12  Code  Lc  user_app_ethernet.o [1]
wizchip_getinterrupt     0x801'89f3    0x2c  Code  Gb  wizchip_conf.o [1]
wizchip_getinterruptmask
                         0x801'8a41    0x28  Code  Gb  wizchip_conf.o [1]
wizchip_getnetinfo       0x801'8c55    0x52  Code  Gb  wizchip_conf.o [1]
wizchip_getnetmode       0x801'8ced     0xa  Code  Gb  wizchip_conf.o [1]
wizchip_gettimeout       0x801'8d23    0x2c  Code  Gb  wizchip_conf.o [1]
wizchip_init             0x801'88ff    0xb0  Code  Gb  wizchip_conf.o [1]
wizchip_read             0x800'99e7    0x2a  Code  Lc  user_app_ethernet.o [1]
wizchip_select           0x800'99bf    0x12  Code  Lc  user_app_ethernet.o [1]
wizchip_setinterruptmask
                         0x801'8a1f    0x22  Code  Gb  wizchip_conf.o [1]
wizchip_setnetinfo       0x801'8c03    0x52  Code  Gb  wizchip_conf.o [1]
wizchip_setnetmode       0x801'8cc5    0x28  Code  Gb  wizchip_conf.o [1]
wizchip_settimeout       0x801'8cf7    0x2c  Code  Gb  wizchip_conf.o [1]
wizchip_spi_readbyte     0x801'86a1     0x4  Code  Gb  wizchip_conf.o [1]
wizchip_spi_writebyte    0x801'86a5     0x2  Code  Gb  wizchip_conf.o [1]
wizchip_sw_reset         0x801'8889    0x76  Code  Gb  wizchip_conf.o [1]
wizchip_write            0x800'9a15    0x20  Code  Lc  user_app_ethernet.o [1]
wizphy_getphyconf        0x801'8b27    0x76  Code  Gb  wizchip_conf.o [1]
wizphy_getphylink        0x801'8a69    0x18  Code  Gb  wizchip_conf.o [1]
wizphy_getphypmode       0x801'8a81    0x1e  Code  Gb  wizchip_conf.o [1]
wizphy_reset             0x801'8a9f    0x34  Code  Gb  wizchip_conf.o [1]
wizphy_setphyconf        0x801'8ad3    0x54  Code  Gb  wizchip_conf.o [1]
wizphy_setphypmode       0x801'8b9d    0x66  Code  Gb  wizchip_conf.o [1]
writeCString             0x802'5ea3    0x2a  Code  Gb  MQTTPacket.o [1]
writeChar                0x802'5e6d     0xc  Code  Gb  MQTTPacket.o [1]
writeInt                 0x802'5e79    0x2a  Code  Gb  MQTTPacket.o [1]
writeMQTTString          0x802'5ecd    0x42  Code  Gb  MQTTPacket.o [1]


[1] = D:\Saoviet_Bitbucket\Saoviet_Datalogger_Sensor\Project_Datalogger_Sensor\1.Source_Code_L496\wm_gsm_ethernet_v3\EWARM\wm_gsm_ethernet_v3\Obj
[2] = dl7M_tlf.a
[3] = m7M_tls.a
[4] = rt7M_tl.a
[5] = shb_l.a

  141'059 bytes of readonly  code memory
   20'616 bytes of readonly  data memory
   37'734 bytes of readwrite data memory

Errors: none
Warnings: none
